This script was generated by crab (version 2.10.5_patch1).
Running /home/pilcms08/home_cream_018076183/CREAM018076183/glide_7vDu6K/execute/dir_10887/condor_exec.exe with 2 positional parameters: 6 2
Today is Wed May 21 15:49:38 CEST 2014 - Wed May 21 13:49:38 UTC 2014
Job submitted on host cmsrm-wn128.roma1.infn.it
Linux cmsrm-wn128.roma1.infn.it 2.6.32-358.11.1.el6.x86_64 #1 SMP Tue Jun 11 17:23:30 CDT 2013 x86_64 x86_64 x86_64 GNU/Linux
>>> current directory (RUNTIME_AREA): /home/pilcms08/home_cream_018076183/CREAM018076183/glide_7vDu6K/execute/dir_10887
>>> current user: uid=18672(cms050) gid=1399(cms) groups=1399(cms)
>>> directory permission set to 0700
>>> umask set to:  u=rwx,g=,o=
>>> stdout stderr permission set to 0704
>>> voms proxy information:
subject   : /C=IT/O=INFN/OU=Personal Certificate/L=Roma 1/CN=Giulia Dimperio/CN=1921777325/CN=276560411
issuer    : /C=IT/O=INFN/OU=Personal Certificate/L=Roma 1/CN=Giulia Dimperio/CN=1921777325
identity  : /C=IT/O=INFN/OU=Personal Certificate/L=Roma 1/CN=Giulia Dimperio
type      : RFC3820 compliant limited proxy
strength  : 1024
path      : /home/pilcms08/home_cream_018076183/CREAM018076183/glide_7vDu6K/execute/dir_10887/x509up_u10095
timeleft  : 23:59:48
key usage : Digital Signature, Key Encipherment, Data Encipherment
=== VO cms extension information ===
VO        : cms
subject   : /C=IT/O=INFN/OU=Personal Certificate/L=Roma 1/CN=Giulia Dimperio
issuer    : /DC=ch/DC=cern/OU=computers/CN=voms.cern.ch
attribute : /cms/Role=NULL/Capability=NULL
timeleft  : 188:38:36
uri       : voms.cern.ch:15002

WNHostName=cmsrm-wn128.roma1.infn.it
>>> tar --no-same-permissions -xf /home/pilcms08/home_cream_018076183/CREAM018076183/glide_7vDu6K/execute/dir_10887/default.tgz :
Successful untar
>>> Include /home/pilcms08/home_cream_018076183/CREAM018076183/glide_7vDu6K/execute/dir_10887 in PYTHONPATH:
strip arguments
env var CRAB_UNIQUE_JOB_ID set to: gdimperi_test_rs7k39_6_2_gNw
out_files_6
>>> list of expected files on output sandbox
output files: crab_fjr_6.xml CMSSW_6.stdout CMSSW_6.stderr Watchdog_6.log.gz
>>> GridFlavour discovery: 
GridFlavour=LCG
>>> SyncSite discovery: 
SyncSite=T2_IT_Rome
>>> SyncCE discovery: 
getting SyncCE from CE_ID
SyncCE=cmsrm-cream01.roma1.infn.it:8443/cream-lsf-cmsglong
>>> info for dashboard:
***** Cat /home/pilcms08/home_cream_018076183/CREAM018076183/glide_7vDu6K/execute/dir_10887/jobreport.txt *****
WNHostName=cmsrm-wn128.roma1.infn.it
MonitorJobID=6_https://submit-4.t2.ucsd.edu//140521//203796.5
SyncGridJobId=https://submit-4.t2.ucsd.edu//140521//203796.5
MonitorID=gdimperi_test_rs7k39
GridFlavour=LCG
SyncSite=T2_IT_Rome
SyncCE=cmsrm-cream01.roma1.infn.it:8443/cream-lsf-cmsglong
***** End Cat jobreport *****
Parameters sent to Dashboard.
>>> setup environment
set SCRAM ARCH to slc6_amd64_gcc472
SCRAM_ARCH = slc6_amd64_gcc472
>>> setup CMS LCG environment:
set SCRAM ARCH and BUILD_ARCH to slc6_amd64_gcc472 ###
Sourcing environment... 
sourcing /cvmfs/cms.cern.ch/cmsset_default.sh
==> setup cms environment ok
>>> specific cmssw setup environment:
CMSSW_VERSION =  CMSSW_6_2_5
WARNING: Developer's area is created for non-production architecture slc6_amd64_gcc472. Production architecture for this release is slc5_amd64_gcc472.
>>> current directory (SOFTWARE_DIR): /home/pilcms08/home_cream_018076183/CREAM018076183/glide_7vDu6K/execute/dir_10887/CMSSW_6_2_5
PreserveSeeds: <>
IncrementSeeds:<>
>>> info for dashboard:
***** Cat /home/pilcms08/home_cream_018076183/CREAM018076183/glide_7vDu6K/execute/dir_10887/jobreport.txt *****
MonitorJobID=6_https://submit-4.t2.ucsd.edu//140521//203796.5
MonitorID=gdimperi_test_rs7k39
***** End Cat jobreport *****
Parameters sent to Dashboard.
crabWatchdog started as process 11102
>>> moving CMSSW software directories in /home/pilcms08/home_cream_018076183/CREAM018076183/glide_7vDu6K/execute/dir_10887/CMSSW_6_2_5
mv: cannot stat `/home/pilcms08/home_cream_018076183/CREAM018076183/glide_7vDu6K/execute/dir_10887/module/': No such file or directory
>>> Include /home/pilcms08/home_cream_018076183/CREAM018076183/glide_7vDu6K/execute/dir_10887 in PYTHONPATH:
PYTHONPATH=/home/pilcms08/home_cream_018076183/CREAM018076183/glide_7vDu6K/execute/dir_10887/:/home/pilcms08/home_cream_018076183/CREAM018076183/glide_7vDu6K/execute/dir_10887/CMSSW_6_2_5/python:/home/pilcms08/home_cream_018076183/CREAM018076183/glide_7vDu6K/execute/dir_10887/CMSSW_6_2_5/lib/slc6_amd64_gcc472:/cvmfs/cms.cern.ch/slc6_amd64_gcc472/cms/cmssw/CMSSW_6_2_5/python:/cvmfs/cms.cern.ch/slc6_amd64_gcc472/cms/cmssw/CMSSW_6_2_5/lib/slc6_amd64_gcc472:/cvmfs/cms.cern.ch/slc6_amd64_gcc472/cms/coral/CORAL_2_3_21-cms30/slc6_amd64_gcc472/python:/cvmfs/cms.cern.ch/slc6_amd64_gcc472/cms/coral/CORAL_2_3_21-cms30/slc6_amd64_gcc472/lib:/cvmfs/cms.cern.ch/slc6_amd64_gcc472/external/python-ldap/2.3.5-cms5/lib/python2.7/site-packages:/cvmfs/cms.cern.ch/slc6_amd64_gcc472/external/pyqt/4.8.1-cms5/lib/python2.7/site-packages:/cvmfs/cms.cern.ch/slc6_amd64_gcc472/external/py2-scipy/0.8.0-cms7/lib/python2.7/site-packages:/cvmfs/cms.cern.ch/slc6_amd64_gcc472/external/py2-matplotlib/1.0.1-cms7/lib/python2.7/site-packages:/cvmfs/cms.cern.ch/slc6_amd64_gcc472/external/sip/4.11.2-cms5/lib/python2.7/site-packages:/cvmfs/cms.cern.ch/slc6_amd64_gcc472/external/py2-pycurl/7.19.0-cms7/lib/python2.7/site-packages:/cvmfs/cms.cern.ch/slc6_amd64_gcc472/external/py2-numpy/1.6.1-cms7/lib/python2.7/site-packages:/cvmfs/cms.cern.ch/slc6_amd64_gcc472/external/py2-lint/0.25.1-cms5/lib/python2.7/site-packages:/cvmfs/cms.cern.ch/slc6_amd64_gcc472/external/py2-ipython/0.10-cms5/lib/python2.7/site-packages:/cvmfs/cms.cern.ch/slc6_amd64_gcc472/external/py2-cx-oracle/5.1-cms5/lib/python2.7/site-packages:/cvmfs/cms.cern.ch/slc6_amd64_gcc472/external/py2-cjson/1.0.5-cms5/lib/python2.7/site-packages:/cvmfs/cms.cern.ch/slc6_amd64_gcc472/cms/das-client/1.11.7/bin:/cvmfs/cms.cern.ch/slc6_amd64_gcc472/external/elementtree/1.2.6-cms5/share/lib/python2.7/site-packages:/cvmfs/cms.cern.ch/slc6_amd64_gcc472/external/rivet/1.8.2-cms9/lib/python2.7/site-packages:/cvmfs/cms.cern.ch/slc6_amd64_gcc472/external/pyminuit2/0.0.1-cms19/lib/python2.7/site-packages:/cvmfs/cms.cern.ch/slc6_amd64_gcc472/external/professor/1.0.0-cms19/lib/python2.7/site-packages:/cvmfs/cms.cern.ch/slc6_amd64_gcc472/lcg/root/5.34.07-cms/lib:/cvmfs/cms.cern.ch/slc6_amd64_gcc472/cms/dbs-client/DBS_2_1_9-cms5/lib:/cvmfs/cms.cern.ch/slc6_amd64_gcc472/cms/dbs-client/DBS_2_1_9-cms5/lib/DBSAPI:/cvmfs/cms.cern.ch/slc6_amd64_gcc472/external/cvs2git/5419-cms/lib:/home/pilcms08/home_cream_018076183/CREAM018076183/glide_7vDu6K/execute/dir_10887/
 
# LIMITS USED BY CRAB WATCHDOG:
# RSS  (KBytes)   : 2300000
# VSZ  (KBytes)   : 100000000
# DISK (MBytes)   : 19000
# CPU TIME        : 720h:0m:0s
# WALL CLOCK TIME : 21h:50m:0s
 
5df971e1bf6ad4673ba110356ee74086
PSETHASH = 5df971e1bf6ad4673ba110356ee74086
/home/pilcms08/home_cream_018076183/CREAM018076183/glide_7vDu6K/execute/dir_10887/writeCfg.py pset.py pset.py
Importing .py file
Setting parameters
inputBlocks=/RSGravToJJ_kMpl01_M-1000_Tune4C_13TeV-pythia8/Fall13dr-tsg_PU20bx25_POSTLS162_V2-v1/AODSIM#b57621d8-7124-11e3-b1c2-003048f02d38
inputFiles=/store/mc/Fall13dr/RSGravToJJ_kMpl01_M-1000_Tune4C_13TeV-pythia8/AODSIM/tsg_PU20bx25_POSTLS162_V2-v1/00000/3E8EEC4D-6B71-E311-8DA2-0025905A60F8.root;/store/mc/Fall13dr/RSGravToJJ_kMpl01_M-1000_Tune4C_13TeV-pythia8/AODSIM/tsg_PU20bx25_POSTLS162_V2-v1/00000/8C0404DC-1F71-E311-85C4-00259059642E.root
parentFiles=
lumisRange=
>>> Executable cmsRun
/cvmfs/cms.cern.ch/slc6_amd64_gcc472/cms/cmssw/CMSSW_6_2_5/bin/slc6_amd64_gcc472/cmsRun
ok executable found
>>> info for dashboard:
***** Cat /home/pilcms08/home_cream_018076183/CREAM018076183/glide_7vDu6K/execute/dir_10887/jobreport.txt *****
MonitorJobID=6_https://submit-4.t2.ucsd.edu//140521//203796.5
MonitorID=gdimperi_test_rs7k39
ExeStart=cmsRun
***** End Cat jobreport *****
Parameters sent to Dashboard.
>>> cmsRun started at Wed May 21 13:49:50 UTC 2014
>>> cmsRun ended at Wed May 21 14:28:11 UTC 2014
>>> crab_fjr_*.xml  permission set to 0704
>>> info for dashboard:
***** Cat /home/pilcms08/home_cream_018076183/CREAM018076183/glide_7vDu6K/execute/dir_10887/jobreport.txt *****
MonitorJobID=6_https://submit-4.t2.ucsd.edu//140521//203796.5
MonitorID=gdimperi_test_rs7k39
ExeEnd=cmsRun
***** End Cat jobreport *****
Parameters sent to Dashboard.
TIME_EXE = 2301 sec
>>> cmsRun wrote 102 lines of stdout+stderr
>>> START OF printout of 102 lines from stdout+stderr
21-May-2014 15:50:06 CEST  Initiating request to open file dcap://cmsrm-se01.roma1.infn.it/pnfs/roma1.infn.it/data/cms/store/mc/Fall13dr/RSGravToJJ_kMpl01_M-1000_Tune4C_13TeV-pythia8/AODSIM/tsg_PU20bx25_POSTLS162_V2-v1/00000/3E8EEC4D-6B71-E311-8DA2-0025905A60F8.root
21-May-2014 15:50:10 CEST  Successfully opened file dcap://cmsrm-se01.roma1.infn.it/pnfs/roma1.infn.it/data/cms/store/mc/Fall13dr/RSGravToJJ_kMpl01_M-1000_Tune4C_13TeV-pythia8/AODSIM/tsg_PU20bx25_POSTLS162_V2-v1/00000/3E8EEC4D-6B71-E311-8DA2-0025905A60F8.root
Begin processing the 1st record. Run 1, Event 31585, LumiSection 337 at 21-May-2014 15:50:18.261 CEST
Begin processing the 101st record. Run 1, Event 31685, LumiSection 338 at 21-May-2014 15:50:50.317 CEST
Begin processing the 201st record. Run 1, Event 43629, LumiSection 465 at 21-May-2014 15:51:20.299 CEST
Begin processing the 301st record. Run 1, Event 43729, LumiSection 466 at 21-May-2014 15:51:49.977 CEST
Begin processing the 401st record. Run 1, Event 46461, LumiSection 495 at 21-May-2014 15:52:21.315 CEST
Begin processing the 501st record. Run 1, Event 46561, LumiSection 496 at 21-May-2014 15:52:51.538 CEST
Begin processing the 601st record. Run 1, Event 54745, LumiSection 583 at 21-May-2014 15:53:22.465 CEST
Begin processing the 701st record. Run 1, Event 54845, LumiSection 584 at 21-May-2014 15:53:51.287 CEST
Begin processing the 801st record. Run 1, Event 125445, LumiSection 1335 at 21-May-2014 15:54:20.990 CEST
Begin processing the 901st record. Run 1, Event 125545, LumiSection 1336 at 21-May-2014 15:54:52.079 CEST
Begin processing the 1001st record. Run 1, Event 140497, LumiSection 1495 at 21-May-2014 15:55:22.136 CEST
Begin processing the 1101st record. Run 1, Event 140597, LumiSection 1496 at 21-May-2014 15:55:52.150 CEST
Begin processing the 1201st record. Run 1, Event 151601, LumiSection 1613 at 21-May-2014 15:56:22.585 CEST
Begin processing the 1301st record. Run 1, Event 38613, LumiSection 411 at 21-May-2014 15:56:53.614 CEST
Begin processing the 1401st record. Run 1, Event 38713, LumiSection 412 at 21-May-2014 15:57:22.290 CEST
Begin processing the 1501st record. Run 1, Event 58177, LumiSection 619 at 21-May-2014 15:57:51.544 CEST
Begin processing the 1601st record. Run 1, Event 58277, LumiSection 620 at 21-May-2014 15:58:20.533 CEST
Begin processing the 1701st record. Run 1, Event 66273, LumiSection 705 at 21-May-2014 15:58:49.921 CEST
Begin processing the 1801st record. Run 1, Event 93069, LumiSection 991 at 21-May-2014 15:59:19.716 CEST
Begin processing the 1901st record. Run 1, Event 93169, LumiSection 992 at 21-May-2014 15:59:49.227 CEST
21-May-2014 16:00:13 CEST  Closed file dcap://cmsrm-se01.roma1.infn.it/pnfs/roma1.infn.it/data/cms/store/mc/Fall13dr/RSGravToJJ_kMpl01_M-1000_Tune4C_13TeV-pythia8/AODSIM/tsg_PU20bx25_POSTLS162_V2-v1/00000/3E8EEC4D-6B71-E311-8DA2-0025905A60F8.root
21-May-2014 16:00:13 CEST  Initiating request to open file dcap://cmsrm-se01.roma1.infn.it/pnfs/roma1.infn.it/data/cms/store/mc/Fall13dr/RSGravToJJ_kMpl01_M-1000_Tune4C_13TeV-pythia8/AODSIM/tsg_PU20bx25_POSTLS162_V2-v1/00000/8C0404DC-1F71-E311-85C4-00259059642E.root
21-May-2014 16:00:13 CEST  Successfully opened file dcap://cmsrm-se01.roma1.infn.it/pnfs/roma1.infn.it/data/cms/store/mc/Fall13dr/RSGravToJJ_kMpl01_M-1000_Tune4C_13TeV-pythia8/AODSIM/tsg_PU20bx25_POSTLS162_V2-v1/00000/8C0404DC-1F71-E311-85C4-00259059642E.root
Begin processing the 2001st record. Run 1, Event 12617, LumiSection 135 at 21-May-2014 16:00:22.790 CEST
Begin processing the 2101st record. Run 1, Event 12717, LumiSection 136 at 21-May-2014 16:00:52.560 CEST
Begin processing the 2201st record. Run 1, Event 53801, LumiSection 573 at 21-May-2014 16:01:20.590 CEST
Begin processing the 2301st record. Run 1, Event 53901, LumiSection 574 at 21-May-2014 16:01:50.002 CEST
Begin processing the 2401st record. Run 1, Event 60957, LumiSection 649 at 21-May-2014 16:02:20.364 CEST
Begin processing the 2501st record. Run 1, Event 61057, LumiSection 650 at 21-May-2014 16:02:49.046 CEST
Begin processing the 2601st record. Run 1, Event 144253, LumiSection 1535 at 21-May-2014 16:03:18.099 CEST
Begin processing the 2701st record. Run 1, Event 97253, LumiSection 1035 at 21-May-2014 16:03:47.502 CEST
Begin processing the 2801st record. Run 1, Event 97353, LumiSection 1036 at 21-May-2014 16:04:17.081 CEST
Begin processing the 2901st record. Run 1, Event 112869, LumiSection 1201 at 21-May-2014 16:04:46.797 CEST
Begin processing the 3001st record. Run 1, Event 112969, LumiSection 1202 at 21-May-2014 16:05:16.617 CEST
Begin processing the 3101st record. Run 1, Event 113257, LumiSection 1205 at 21-May-2014 16:05:44.723 CEST
Begin processing the 3201st record. Run 1, Event 113357, LumiSection 1206 at 21-May-2014 16:06:13.706 CEST
Begin processing the 3301st record. Run 1, Event 14945, LumiSection 159 at 21-May-2014 16:06:43.206 CEST
Begin processing the 3401st record. Run 1, Event 53585, LumiSection 571 at 21-May-2014 16:07:13.999 CEST
Begin processing the 3501st record. Run 1, Event 53685, LumiSection 572 at 21-May-2014 16:07:41.999 CEST
Begin processing the 3601st record. Run 1, Event 61117, LumiSection 651 at 21-May-2014 16:08:10.800 CEST
Begin processing the 3701st record. Run 1, Event 61217, LumiSection 652 at 21-May-2014 16:08:40.040 CEST
Begin processing the 3801st record. Run 1, Event 155317, LumiSection 1653 at 21-May-2014 16:09:09.994 CEST
Begin processing the 3901st record. Run 1, Event 155417, LumiSection 1654 at 21-May-2014 16:09:40.078 CEST
Begin processing the 4001st record. Run 1, Event 90281, LumiSection 961 at 21-May-2014 16:10:06.824 CEST
Begin processing the 4101st record. Run 1, Event 90381, LumiSection 962 at 21-May-2014 16:10:35.938 CEST
Begin processing the 4201st record. Run 1, Event 138233, LumiSection 1471 at 21-May-2014 16:11:06.148 CEST
Begin processing the 4301st record. Run 1, Event 138333, LumiSection 1472 at 21-May-2014 16:11:34.138 CEST
Begin processing the 4401st record. Run 1, Event 195397, LumiSection 2079 at 21-May-2014 16:12:02.873 CEST
Begin processing the 4501st record. Run 1, Event 22061, LumiSection 235 at 21-May-2014 16:12:30.977 CEST
Begin processing the 4601st record. Run 1, Event 22161, LumiSection 236 at 21-May-2014 16:12:59.391 CEST
Begin processing the 4701st record. Run 1, Event 22449, LumiSection 239 at 21-May-2014 16:13:28.726 CEST
Begin processing the 4801st record. Run 1, Event 22549, LumiSection 240 at 21-May-2014 16:13:57.052 CEST
Begin processing the 4901st record. Run 1, Event 36749, LumiSection 391 at 21-May-2014 16:14:26.197 CEST
Begin processing the 5001st record. Run 1, Event 37037, LumiSection 395 at 21-May-2014 16:14:55.964 CEST
Begin processing the 5101st record. Run 1, Event 37137, LumiSection 396 at 21-May-2014 16:15:24.645 CEST
Begin processing the 5201st record. Run 1, Event 26521, LumiSection 283 at 21-May-2014 16:15:54.037 CEST
Begin processing the 5301st record. Run 1, Event 26621, LumiSection 284 at 21-May-2014 16:16:23.192 CEST
Begin processing the 5401st record. Run 1, Event 81993, LumiSection 873 at 21-May-2014 16:16:52.889 CEST
Begin processing the 5501st record. Run 1, Event 82093, LumiSection 874 at 21-May-2014 16:17:22.097 CEST
Begin processing the 5601st record. Run 1, Event 82757, LumiSection 881 at 21-May-2014 16:17:51.438 CEST
Begin processing the 5701st record. Run 1, Event 51549, LumiSection 549 at 21-May-2014 16:18:20.542 CEST
Begin processing the 5801st record. Run 1, Event 51649, LumiSection 550 at 21-May-2014 16:18:49.403 CEST
Begin processing the 5901st record. Run 1, Event 51937, LumiSection 553 at 21-May-2014 16:19:18.750 CEST
Begin processing the 6001st record. Run 1, Event 52037, LumiSection 554 at 21-May-2014 16:19:48.132 CEST
Begin processing the 6101st record. Run 1, Event 52513, LumiSection 559 at 21-May-2014 16:20:16.581 CEST
Begin processing the 6201st record. Run 1, Event 52613, LumiSection 560 at 21-May-2014 16:20:44.355 CEST
Begin processing the 6301st record. Run 1, Event 66437, LumiSection 707 at 21-May-2014 16:21:14.872 CEST
Begin processing the 6401st record. Run 1, Event 66537, LumiSection 708 at 21-May-2014 16:21:43.522 CEST
Begin processing the 6501st record. Run 1, Event 133001, LumiSection 1415 at 21-May-2014 16:22:10.297 CEST
Begin processing the 6601st record. Run 1, Event 133101, LumiSection 1416 at 21-May-2014 16:22:40.032 CEST
Begin processing the 6701st record. Run 1, Event 173433, LumiSection 1845 at 21-May-2014 16:23:09.279 CEST
Begin processing the 6801st record. Run 1, Event 186129, LumiSection 1981 at 21-May-2014 16:23:38.573 CEST
Begin processing the 6901st record. Run 1, Event 82829, LumiSection 882 at 21-May-2014 16:24:07.765 CEST
Begin processing the 7001st record. Run 1, Event 161701, LumiSection 1721 at 21-May-2014 16:24:38.247 CEST
Begin processing the 7101st record. Run 1, Event 161801, LumiSection 1722 at 21-May-2014 16:25:07.199 CEST
Begin processing the 7201st record. Run 1, Event 89057, LumiSection 948 at 21-May-2014 16:25:37.848 CEST
Begin processing the 7301st record. Run 1, Event 150357, LumiSection 1600 at 21-May-2014 16:26:08.088 CEST
Begin processing the 7401st record. Run 1, Event 151685, LumiSection 1614 at 21-May-2014 16:26:37.822 CEST
Begin processing the 7501st record. Run 1, Event 177541, LumiSection 1889 at 21-May-2014 16:27:07.417 CEST
Begin processing the 7601st record. Run 1, Event 177641, LumiSection 1890 at 21-May-2014 16:27:37.853 CEST
Begin processing the 7701st record. Run 1, Event 195513, LumiSection 2080 at 21-May-2014 16:28:09.027 CEST
21-May-2014 16:28:11 CEST  Closed file dcap://cmsrm-se01.roma1.infn.it/pnfs/roma1.infn.it/data/cms/store/mc/Fall13dr/RSGravToJJ_kMpl01_M-1000_Tune4C_13TeV-pythia8/AODSIM/tsg_PU20bx25_POSTLS162_V2-v1/00000/8C0404DC-1F71-E311-85C4-00259059642E.root

=============================================

MessageLogger Summary

 type     category        sev    module        subroutine        count    total
 ---- -------------------- -- ---------------- ----------------  -----    -----
    1 fileAction           -s file_close                             2        2
    2 fileAction           -s file_open                              4        4

 type    category    Examples: run/evt        run/evt          run/evt
 ---- -------------------- ---------------- ---------------- ----------------
    1 fileAction           PostProcessEvent PostEndRun       
    2 fileAction           pre-events       pre-events       PostProcessEvent

Severity    # Occurrences   Total Occurrences
--------    -------------   -----------------
System                  6                   6
>>> END OF printout of 102 lines from stdout+stderr
>>> Parse FrameworkJobReport crab_fjr.xml
Result of parsing the FrameworkJobReport crab_fjr.xml: Popularity start
lumisRange : 1::135-136,159-160,235-236,239-240,283-284,391-392,395-396,549-550,553-554,559-560,571-574,649-652,707-708,873-874,881-882,948,961-962,1035-1036,1201-1202,1205-1206,1415-1416,1471-1472,1535,1600,1614,1653-1654,1721-1722,1845-1846,1889-1890,1981,2079-2080::1;1::337-338,411-412,465-466,495-496,583-584,619-620,705-706,991-992,1335-1336,1495-1496,1613::2;
lumisParentRange : 
Basename : /store/mc/Fall13dr/RSGravToJJ_kMpl01_M-1000_Tune4C_13TeV-pythia8/AODSIM/tsg_PU20bx25_POSTLS162_V2-v1/00000/
BasenameParent : 
parentFiles : 
inputBlocks : /RSGravToJJ_kMpl01_M-1000_Tune4C_13TeV-pythia8/Fall13dr-tsg_PU20bx25_POSTLS162_V2-v1/AODSIM#b57621d8-7124-11e3-b1c2-003048f02d38
inputFiles : 8C0404DC-1F71-E311-85C4-00259059642E.root::1::EDM::Local::1;3E8EEC4D-6B71-E311-8DA2-0025905A60F8.root::1::EDM::Local::2;
Popularity stop
Extracted ExitStatus from FrameworkJobReport parsing output: 0
>>> Executable succeded  0
ExeExitCode=0
EXECUTABLE_EXIT_STATUS = 0
>>> current directory /home/pilcms08/home_cream_018076183/CREAM018076183/glide_7vDu6K/execute/dir_10887/CMSSW_6_2_5
>>>  (SOFTWARE_DIR): /home/pilcms08/home_cream_018076183/CREAM018076183/glide_7vDu6K/execute/dir_10887/CMSSW_6_2_5
>>> (WORKING_DIR): 
>>> current directory content:
total 1288
drwxr-xr-x 3 cms050 cms    4096 May 21 15:49 .SCRAM
-rw------- 1 cms050 cms   69344 May 21 15:49 CMSSW.py.pkl
drwxr-xr-x 3 cms050 cms    4096 May 21 15:49 bin
drwxr-xr-x 3 cms050 cms    4096 May 21 15:49 cfipython
drwxr-xr-x 4 cms050 cms    4096 May 21 15:49 config
-rw------- 1 cms050 cms      18 May 21 16:28 cpu_timing.txt
-rw------- 1 cms050 cms 1082170 May 21 16:28 dijetTree_signal.root
drwxr-xr-x 2 cms050 cms    4096 May 21 15:49 doc
-rw------- 1 cms050 cms   10600 May 21 16:28 executable.out
drwxr-xr-x 2 cms050 cms    4096 May 21 15:49 include
drwx------ 3 cms050 cms    4096 May 20 11:37 lib
drwxr-xr-x 3 cms050 cms    4096 May 21 15:49 logs
drwxr-xr-x 3 cms050 cms    4096 May 21 15:49 objs
-rw------- 1 cms050 cms     104 May 21 15:49 pset.py
-rw------- 1 cms050 cms   69363 May 21 15:49 pset.py.pkl
-rw------- 1 cms050 cms     289 May 21 15:49 pset.pyc
drwxr-xr-x 2 cms050 cms    4096 May 21 15:49 python
-rw------- 1 cms050 cms     350 May 21 16:28 report.log
drwxr-xr-x 2 cms050 cms    4096 May 21 15:49 src
drwxr-xr-x 3 cms050 cms    4096 May 21 15:49 test
drwxr-xr-x 3 cms050 cms    4096 May 21 15:49 tmp
>>> current directory /home/pilcms08/home_cream_018076183/CREAM018076183/glide_7vDu6K/execute/dir_10887/CMSSW_6_2_5
>>> (SOFTWARE_DIR): /home/pilcms08/home_cream_018076183/CREAM018076183/glide_7vDu6K/execute/dir_10887/CMSSW_6_2_5
>>> (WORKING_DIR): 
>>> current directory content:
total 1288
drwxr-xr-x 3 cms050 cms    4096 May 21 15:49 .SCRAM
-rw------- 1 cms050 cms   69344 May 21 15:49 CMSSW.py.pkl
drwxr-xr-x 3 cms050 cms    4096 May 21 15:49 bin
drwxr-xr-x 3 cms050 cms    4096 May 21 15:49 cfipython
drwxr-xr-x 4 cms050 cms    4096 May 21 15:49 config
-rw------- 1 cms050 cms      18 May 21 16:28 cpu_timing.txt
-rw------- 1 cms050 cms 1082170 May 21 16:28 dijetTree_signal_6_2_gNw.root
drwxr-xr-x 2 cms050 cms    4096 May 21 15:49 doc
-rw------- 1 cms050 cms   10600 May 21 16:28 executable.out
drwxr-xr-x 2 cms050 cms    4096 May 21 15:49 include
drwx------ 3 cms050 cms    4096 May 20 11:37 lib
drwxr-xr-x 3 cms050 cms    4096 May 21 15:49 logs
drwxr-xr-x 3 cms050 cms    4096 May 21 15:49 objs
-rw------- 1 cms050 cms     104 May 21 15:49 pset.py
-rw------- 1 cms050 cms   69363 May 21 15:49 pset.py.pkl
-rw------- 1 cms050 cms     289 May 21 15:49 pset.pyc
drwxr-xr-x 2 cms050 cms    4096 May 21 15:49 python
-rw------- 1 cms050 cms     350 May 21 16:28 report.log
drwxr-xr-x 2 cms050 cms    4096 May 21 15:49 src
drwxr-xr-x 3 cms050 cms    4096 May 21 15:49 test
drwxr-xr-x 3 cms050 cms    4096 May 21 15:49 tmp
>>> current directory (RUNTIME_AREA):  /home/pilcms08/home_cream_018076183/CREAM018076183/glide_7vDu6K/execute/dir_10887
SE = cmsrm-se01.roma1.infn.it
SE_PATH = /srm/managerv2?SFN=/pnfs/roma1.infn.it/data/cms/store/user/gdimperi/store/user/gdimperi/test/
LFNBaseName = /store/user/gdimperi/store/user/gdimperi/test/
USER = gdimperi
endpoint = srm://cmsrm-se01.roma1.infn.it:8443/srm/managerv2?SFN=/pnfs/roma1.infn.it/data/cms/store/user/gdimperi/store/user/gdimperi/test/
>>> Copy output files from WN = cmsrm-wn128.roma1.infn.it to /srm/managerv2?SFN=/pnfs/roma1.infn.it/data/cms/store/user/gdimperi/store/user/gdimperi/test/ :
python cmscp.py  --destination srm://cmsrm-se01.roma1.infn.it:8443/srm/managerv2?SFN=/pnfs/roma1.infn.it/data/cms/store/user/gdimperi/store/user/gdimperi/test/ --inputFileList /home/pilcms08/home_cream_018076183/CREAM018076183/glide_7vDu6K/execute/dir_10887/CMSSW_6_2_5/dijetTree_signal_6_2_gNw.root --middleware LCG --se_name cmsrm-se01.roma1.infn.it --for_lfn /store/user/gdimperi/store/user/gdimperi/test/    
******************************************************
localSeName  =  cmsrm-se01.roma1.infn.it
remoteSeName =  cmsrm-se01.roma1.infn.it
******************************************************
{"/home/pilcms08/home_cream_018076183/CREAM018076183/glide_7vDu6K/execute/dir_10887/CMSSW_6_2_5/dijetTree_signal_6_2_gNw.root": {"endpoint": "srm://cmsrm-se01.roma1.infn.it:8443/srm/managerv2?SFN=/pnfs/roma1.infn.it/data/cms/store/user/gdimperi/store/user/gdimperi/test/", "surl_for_grid": "", "reason": "Copy succedeed with srm-lcg utils", "erCode": "0", "se_name": "cmsrm-se01.roma1.infn.it", "for_lfn": "/store/user/gdimperi/store/user/gdimperi/test/"}}/home/pilcms08/home_cream_018076183/CREAM018076183/glide_7vDu6K/execute/dir_10887
-------- cat /home/pilcms08/home_cream_018076183/CREAM018076183/glide_7vDu6K/execute/dir_10887/cmscpReport.sh 
#!/bin/bash
echo "Report for File: /home/pilcms08/home_cream_018076183/CREAM018076183/glide_7vDu6K/execute/dir_10887/CMSSW_6_2_5/dijetTree_signal_6_2_gNw.root"
echo "LFN: /store/user/gdimperi/store/user/gdimperi/test/dijetTree_signal_6_2_gNw.root"
echo "StorageElement: cmsrm-se01.roma1.infn.it"
echo "StageOutExitStatusReason = 'Copy succedeed with srm-lcg utils'" | tee -a $RUNTIME_AREA/$repo
echo "StageOutSE = cmsrm-se01.roma1.infn.it" >> $RUNTIME_AREA/$repo

export StageOutExitStatus=0
echo "StageOutExitStatus = 0" | tee -a $RUNTIME_AREA/$repo
-------- end of /home/pilcms08/home_cream_018076183/CREAM018076183/glide_7vDu6K/execute/dir_10887/cmscpReport.sh 
Report for File: /home/pilcms08/home_cream_018076183/CREAM018076183/glide_7vDu6K/execute/dir_10887/CMSSW_6_2_5/dijetTree_signal_6_2_gNw.root
LFN: /store/user/gdimperi/store/user/gdimperi/test/dijetTree_signal_6_2_gNw.root
StorageElement: cmsrm-se01.roma1.infn.it
StageOutExitStatusReason = 'Copy succedeed with srm-lcg utils'
StageOutExitStatus = 0
>>> current dir: /home/pilcms08/home_cream_018076183/CREAM018076183/glide_7vDu6K/execute/dir_10887
>>> current dir content:
total 952
-rw-------  1 cms050 cms   2244 May 21 16:29 .SEinteraction.log
-rwx------  1 cms050 cms   6507 May 21 15:49 .job.ad
-rwx------  1 cms050 cms   9355 May 21 15:49 .machine.ad
-rw-------  1 cms050 cms    105 May 21 12:24 CMSSW.py
-rw-------  1 cms050 cms  69344 May 21 12:24 CMSSW.py.pkl
-rwx------  1 cms050 cms  28609 May 21 15:49 CMSSW.sh
drwxr-xr-x 15 cms050 cms   4096 May 21 16:28 CMSSW_6_2_5
-rw-------  1 cms050 cms    404 May 21 15:49 CacheEnv.sh
-rw-------  1 cms050 cms   7291 Apr  4 11:04 DashboardAPI.py
-rw-------  1 cms050 cms   6845 May 21 15:49 DashboardAPI.pyc
drwx------  2 cms050 cms   4096 May 21 16:28 IMProv
-rw-------  1 cms050 cms   2748 Apr  4 11:04 Logger.py
-rw-------  1 cms050 cms   3357 May 21 15:49 Logger.pyc
-rw-------  1 cms050 cms  24524 Apr  4 11:04 ProcInfo.py
-rw-------  1 cms050 cms  23245 May 21 15:49 ProcInfo.pyc
drwx------  7 cms050 cms   4096 May 21 15:49 ProdCommon
drwx------  3 cms050 cms   4096 May 21 15:49 WMCore
-rw-------  1 cms050 cms   2879 May 21 16:26 Watchdog_6.log
-rwx------  1 cms050 cms      0 May 21 15:49 _condor_stderr
-rwx---r--  1 cms050 cms  26098 May 21 16:29 _condor_stdout
-rw-------  1 cms050 cms  32895 Apr  4 11:04 apmon.py
-rw-------  1 cms050 cms  28683 May 21 15:49 apmon.pyc
-rwx------  1 cms050 cms  23907 May 21 15:49 arguments.xml
-rwx------  1 cms050 cms  38515 Apr  4 11:04 cmscp.py
-rw-------  1 cms050 cms    551 May 21 16:29 cmscpReport.sh
-rwx------  1 cms050 cms  28609 May 21 15:49 condor_exec.exe
-rw-------  1 cms050 cms    589 May 21 12:23 crab.cfg
-rwx------  1 cms050 cms   8610 Apr  4 11:04 crabWatchdog.sh
-rwx---r--  1 cms050 cms  71028 May 21 16:28 crab_fjr_6.xml
-rwx------  1 cms050 cms 376054 May 21 15:49 default.tgz
lrwxrwxrwx  1 cms050 cms    123 May 21 16:28 dijetTree_signal.root -> /home/pilcms08/home_cream_018076183/CREAM018076183/glide_7vDu6K/execute/dir_10887/CMSSW_6_2_5/dijetTree_signal_6_2_gNw.root
-rwx------  1 cms050 cms   4488 Apr  4 11:04 fillCrabFjr.py
-rw-------  1 cms050 cms    475 May 21 15:49 inputsReport.txt
-rw-------  1 cms050 cms    244 May 21 16:29 jobreport.txt
-rw-------  1 cms050 cms  17352 Apr  4 11:04 parseCrabFjr.py
-rw-------  1 cms050 cms    325 May 21 15:49 report.log
-rwx--x--x  1 cms050 cms   1497 Apr  4 11:04 report.py
-rw-------  1 cms050 cms    456 May 21 16:29 resultCopyFile
-rwx------  1 cms050 cms   8387 Apr  4 11:04 writeCfg.py
-rw-------  1 cms050 cms   7936 May 21 15:49 x509up_u10095
>>> Modify Job Report:
CMSSW_VERSION = CMSSW_6_2_5
/home/pilcms08/home_cream_018076183/CREAM018076183/glide_7vDu6K/execute/dir_10887/ProdCommon/FwkJobRep/ModifyJobReport.py fjr /home/pilcms08/home_cream_018076183/CREAM018076183/glide_7vDu6K/execute/dir_10887/crab_fjr_6.xml json /home/pilcms08/home_cream_018076183/CREAM018076183/glide_7vDu6K/execute/dir_10887/resultCopyFile n_job 6_2_gNw PrimaryDataset RSGravToJJ_kMpl01_M-1000_Tune4C_13TeV-pythia8  ApplicationFamily cmsRun ApplicationName cmsRun cmssw_version CMSSW_6_2_5 psethash 5df971e1bf6ad4673ba110356ee74086
inputDict =  {u'/home/pilcms08/home_cream_018076183/CREAM018076183/glide_7vDu6K/execute/dir_10887/CMSSW_6_2_5/dijetTree_signal_6_2_gNw.root': {u'endpoint': u'srm://cmsrm-se01.roma1.infn.it:8443/srm/managerv2?SFN=/pnfs/roma1.infn.it/data/cms/store/user/gdimperi/store/user/gdimperi/test/', u'surl_for_grid': u'', u'reason': u'Copy succedeed with srm-lcg utils', u'erCode': u'0', u'se_name': u'cmsrm-se01.roma1.infn.it', u'for_lfn': u'/store/user/gdimperi/store/user/gdimperi/test/'}}
UserProcessedDataset =  
    file =  dijetTree_signal_6_2_gNw.root
    newPfn =  srm://cmsrm-se01.roma1.infn.it:8443/srm/managerv2?SFN=/pnfs/roma1.infn.it/data/cms/store/user/gdimperi/store/user/gdimperi/test/dijetTree_signal_6_2_gNw.root
    newLfn =  /store/user/gdimperi/store/user/gdimperi/test/dijetTree_signal_6_2_gNw.root
>>> crab_fjr_*.xml  permission set to 0704
CrabWrapper EXIT_FUNC entered at Wed May 21 16:29:06 CEST 2014   -  Wed May 21 14:29:06 UTC 2014
Checking output files:  
will tar file crab_fjr_6.xml in  out_files_6
WARNING: output file CMSSW_6.stdout not found!
WARNING: output file CMSSW_6.stderr not found!
WARNING: output file Watchdog_6.log.gz not found!
>>> padding time: Wrapper lasting more than 600 seconds. No sleep required.
STOPPING WATCHDOG. CrabWatchdog PID is 11102
********** LAST 50 LINES OF WATCHDOG LOG
# RESOURCE USAGE SUMMARY FOR PROCESS ID 10914
USER       PID %CPU %MEM    VSZ   RSS TTY      STAT START   TIME COMMAND
cms050   10914  0.4  0.0   9500  1576 ?        S    15:49   0:00 /bin/sh /home/pilcms08/home_cream_018076183/CREAM018076183/glide_7vDu6K/execute/dir_10887/condor_exec.exe 6 2
 
# LIMITS USED BY CRAB WATCHDOG:
# RSS  (KBytes)   : 2300000
# VSZ  (KBytes)   : 100000000
# DISK (MBytes)   : 19000
# CPU TIME        : 720h:0m:0s
# WALL CLOCK TIME : 21h:50m:0s
 
# FOLLOWING PRINTOUT TRACKS MAXIMUM VALUES OF RESOURCES USE
# ONE LINE IS PRINTED EACH TIME A MAXIMUM CHANGES
# IF CHANGE WAS IN RSS OR VSZ ALSO PROCID AND COMMAND ARE PRINTED
# THERE IS NO PRINTOUT FOR CPU/WALL TIME INCREASE
 
# TIME			PID	RSS(KB)	VSZ(KB)	Dsk(MB)	tCPU(s)	tWALL(s)	COMMAND
 May 21 15:49:47 CEST	10914	1576	9500	0	0	0	/bin/sh /home/pilcms08/home_cream_018076183/CREAM018076183/glide_7vDu6K/execute/dir_10887/condor_exec.exe 6 2       
 May 21 15:49:47 CEST	11113	1576	14980	0	0	1	edmConfigHash pset.py         
 May 21 15:49:47 CEST	---	1576	14980	5	----	----	----
 May 21 15:50:48 CEST	11348	469016	691300	5	44	62	cmsRun -j /home/pilcms08/home_cream_018076183/CREAM018076183/glide_7vDu6K/execute/dir_10887/crab_fjr_6.xml -p pset.py      
 May 21 15:51:49 CEST	11348	469324	691556	5	103	123	cmsRun -j /home/pilcms08/home_cream_018076183/CREAM018076183/glide_7vDu6K/execute/dir_10887/crab_fjr_6.xml -p pset.py      
 May 21 15:57:52 CEST	11348	469628	691556	5	456	486	cmsRun -j /home/pilcms08/home_cream_018076183/CREAM018076183/glide_7vDu6K/execute/dir_10887/crab_fjr_6.xml -p pset.py      
 May 21 15:58:53 CEST	11348	469852	691556	5	516	546	cmsRun -j /home/pilcms08/home_cream_018076183/CREAM018076183/glide_7vDu6K/execute/dir_10887/crab_fjr_6.xml -p pset.py      
 May 21 16:00:54 CEST	11348	482008	699748	5	632	668	cmsRun -j /home/pilcms08/home_cream_018076183/CREAM018076183/glide_7vDu6K/execute/dir_10887/crab_fjr_6.xml -p pset.py      
 May 21 16:00:54 CEST	---	482008	699748	6	----	----	----
 May 21 16:04:57 CEST	11348	483896	703076	6	870	910	cmsRun -j /home/pilcms08/home_cream_018076183/CREAM018076183/glide_7vDu6K/execute/dir_10887/crab_fjr_6.xml -p pset.py      
 May 21 16:06:58 CEST	11348	484624	703076	6	988	1031	cmsRun -j /home/pilcms08/home_cream_018076183/CREAM018076183/glide_7vDu6K/execute/dir_10887/crab_fjr_6.xml -p pset.py      
 May 21 16:11:00 CEST	11348	486148	705636	6	1226	1274	cmsRun -j /home/pilcms08/home_cream_018076183/CREAM018076183/glide_7vDu6K/execute/dir_10887/crab_fjr_6.xml -p pset.py      
 May 21 16:16:03 CEST	11348	487908	705636	6	1525	1577	cmsRun -j /home/pilcms08/home_cream_018076183/CREAM018076183/glide_7vDu6K/execute/dir_10887/crab_fjr_6.xml -p pset.py      
 May 21 16:26:10 CEST	11348	490708	705636	6	2122	2184	cmsRun -j /home/pilcms08/home_cream_018076183/CREAM018076183/glide_7vDu6K/execute/dir_10887/crab_fjr_6.xml -p pset.py      
********** WATCHDOG LOG ENDED
ZIPPING WATCHDOG LOG
Disk space used:
du -sh /home/pilcms08/home_cream_018076183/CREAM018076183/glide_7vDu6K/execute/dir_10887
6.3M	/home/pilcms08/home_cream_018076183/CREAM018076183/glide_7vDu6K/execute/dir_10887
Found unusual stdout, rename for OSB
`/home/pilcms08/home_cream_018076183/CREAM018076183/glide_7vDu6K/execute/dir_10887/_condor_stdout' -> `CMSSW_6.stdout'
Found unusual stderr, rename for OSB
`/home/pilcms08/home_cream_018076183/CREAM018076183/glide_7vDu6K/execute/dir_10887/_condor_stdout' -> `CMSSW_6.stderr'
crab_fjr_6.xml
CMSSW_6.stdout
CMSSW_6.stderr
Watchdog_6.log.gz
Total Output dimension: 20707
WARNING: output files size limit is set to: 50000000
Total Output dimension 20707 is fine.
JOB_EXIT_STATUS = 0
>>> info for dashboard:
***** Cat /home/pilcms08/home_cream_018076183/CREAM018076183/glide_7vDu6K/execute/dir_10887/jobreport.txt *****
MonitorJobID=6_https://submit-4.t2.ucsd.edu//140521//203796.5
MonitorID=gdimperi_test_rs7k39
ExeTime=2301
ExeExitCode=0
StageOutExitStatusReason = 'Copy succedeed with srm-lcg utils'
StageOutSE = cmsrm-se01.roma1.infn.it
StageOutExitStatus = 0
CrabUserCpuTime=2158.52
CrabSysCpuTime=79.75
CrabCpuPercentage=97%
CrabWrapperTime=2366
CrabStageoutTime=49
JobExitCode=0
***** End Cat jobreport *****
Parameters sent to Dashboard.
EXITING at Wed May 21 16:29:08 CEST 2014  -  Wed May 21 14:29:08 UTC 2014
