This script was generated by crab (version 2.10.5_patch1).
Running /home/pilcms03/home_cream_333877344/CREAM333877344/glide_LdaOsm/execute/dir_24392/condor_exec.exe with 2 positional parameters: 9 4
Today is Wed May 21 17:12:38 CEST 2014 - Wed May 21 15:12:38 UTC 2014
Job submitted on host cmsrm-wn105.roma1.infn.it
Linux cmsrm-wn105.roma1.infn.it 2.6.32-358.11.1.el6.x86_64 #1 SMP Tue Jun 11 17:23:30 CDT 2013 x86_64 x86_64 x86_64 GNU/Linux
>>> current directory (RUNTIME_AREA): /home/pilcms03/home_cream_333877344/CREAM333877344/glide_LdaOsm/execute/dir_24392
>>> current user: uid=18672(cms050) gid=1399(cms) groups=1399(cms)
>>> directory permission set to 0700
>>> umask set to:  u=rwx,g=,o=
>>> stdout stderr permission set to 0704
>>> voms proxy information:
subject   : /C=IT/O=INFN/OU=Personal Certificate/L=Roma 1/CN=Giulia Dimperio/CN=1921777325/CN=1023221170
issuer    : /C=IT/O=INFN/OU=Personal Certificate/L=Roma 1/CN=Giulia Dimperio/CN=1921777325
identity  : /C=IT/O=INFN/OU=Personal Certificate/L=Roma 1/CN=Giulia Dimperio
type      : RFC3820 compliant limited proxy
strength  : 1024
path      : /home/pilcms03/home_cream_333877344/CREAM333877344/glide_LdaOsm/execute/dir_24392/x509up_u10095
timeleft  : 23:59:51
key usage : Digital Signature, Key Encipherment, Data Encipherment
=== VO cms extension information ===
VO        : cms
subject   : /C=IT/O=INFN/OU=Personal Certificate/L=Roma 1/CN=Giulia Dimperio
issuer    : /DC=ch/DC=cern/OU=computers/CN=voms.cern.ch
attribute : /cms/Role=NULL/Capability=NULL
timeleft  : 187:15:37
uri       : voms.cern.ch:15002

WNHostName=cmsrm-wn105.roma1.infn.it
>>> tar --no-same-permissions -xf /home/pilcms03/home_cream_333877344/CREAM333877344/glide_LdaOsm/execute/dir_24392/default.tgz :
Successful untar
>>> Include /home/pilcms03/home_cream_333877344/CREAM333877344/glide_LdaOsm/execute/dir_24392 in PYTHONPATH:
strip arguments
env var CRAB_UNIQUE_JOB_ID set to: gdimperi_test_rs7k39_9_4_yCe
out_files_9
>>> list of expected files on output sandbox
output files: crab_fjr_9.xml CMSSW_9.stdout CMSSW_9.stderr Watchdog_9.log.gz
>>> GridFlavour discovery: 
GridFlavour=LCG
>>> SyncSite discovery: 
SyncSite=T2_IT_Rome
>>> SyncCE discovery: 
getting SyncCE from CE_ID
SyncCE=cmsrm-cream01.roma1.infn.it:8443/cream-lsf-cmsglong
>>> info for dashboard:
***** Cat /home/pilcms03/home_cream_333877344/CREAM333877344/glide_LdaOsm/execute/dir_24392/jobreport.txt *****
WNHostName=cmsrm-wn105.roma1.infn.it
MonitorJobID=9_https://submit-4.t2.ucsd.edu//140521//203930.1
SyncGridJobId=https://submit-4.t2.ucsd.edu//140521//203930.1
MonitorID=gdimperi_test_rs7k39
GridFlavour=LCG
SyncSite=T2_IT_Rome
SyncCE=cmsrm-cream01.roma1.infn.it:8443/cream-lsf-cmsglong
***** End Cat jobreport *****
Parameters sent to Dashboard.
>>> setup environment
set SCRAM ARCH to slc6_amd64_gcc472
SCRAM_ARCH = slc6_amd64_gcc472
>>> setup CMS LCG environment:
set SCRAM ARCH and BUILD_ARCH to slc6_amd64_gcc472 ###
Sourcing environment... 
sourcing /cvmfs/cms.cern.ch/cmsset_default.sh
==> setup cms environment ok
>>> specific cmssw setup environment:
CMSSW_VERSION =  CMSSW_6_2_5
WARNING: Developer's area is created for non-production architecture slc6_amd64_gcc472. Production architecture for this release is slc5_amd64_gcc472.
>>> current directory (SOFTWARE_DIR): /home/pilcms03/home_cream_333877344/CREAM333877344/glide_LdaOsm/execute/dir_24392/CMSSW_6_2_5
PreserveSeeds: <>
IncrementSeeds:<>
>>> info for dashboard:
***** Cat /home/pilcms03/home_cream_333877344/CREAM333877344/glide_LdaOsm/execute/dir_24392/jobreport.txt *****
MonitorJobID=9_https://submit-4.t2.ucsd.edu//140521//203930.1
MonitorID=gdimperi_test_rs7k39
***** End Cat jobreport *****
Parameters sent to Dashboard.
crabWatchdog started as process 24688
>>> moving CMSSW software directories in /home/pilcms03/home_cream_333877344/CREAM333877344/glide_LdaOsm/execute/dir_24392/CMSSW_6_2_5
mv: cannot stat `/home/pilcms03/home_cream_333877344/CREAM333877344/glide_LdaOsm/execute/dir_24392/module/': No such file or directory
>>> Include /home/pilcms03/home_cream_333877344/CREAM333877344/glide_LdaOsm/execute/dir_24392 in PYTHONPATH:
PYTHONPATH=/home/pilcms03/home_cream_333877344/CREAM333877344/glide_LdaOsm/execute/dir_24392/:/home/pilcms03/home_cream_333877344/CREAM333877344/glide_LdaOsm/execute/dir_24392/CMSSW_6_2_5/python:/home/pilcms03/home_cream_333877344/CREAM333877344/glide_LdaOsm/execute/dir_24392/CMSSW_6_2_5/lib/slc6_amd64_gcc472:/cvmfs/cms.cern.ch/slc6_amd64_gcc472/cms/cmssw/CMSSW_6_2_5/python:/cvmfs/cms.cern.ch/slc6_amd64_gcc472/cms/cmssw/CMSSW_6_2_5/lib/slc6_amd64_gcc472:/cvmfs/cms.cern.ch/slc6_amd64_gcc472/cms/coral/CORAL_2_3_21-cms30/slc6_amd64_gcc472/python:/cvmfs/cms.cern.ch/slc6_amd64_gcc472/cms/coral/CORAL_2_3_21-cms30/slc6_amd64_gcc472/lib:/cvmfs/cms.cern.ch/slc6_amd64_gcc472/external/python-ldap/2.3.5-cms5/lib/python2.7/site-packages:/cvmfs/cms.cern.ch/slc6_amd64_gcc472/external/pyqt/4.8.1-cms5/lib/python2.7/site-packages:/cvmfs/cms.cern.ch/slc6_amd64_gcc472/external/py2-scipy/0.8.0-cms7/lib/python2.7/site-packages:/cvmfs/cms.cern.ch/slc6_amd64_gcc472/external/py2-matplotlib/1.0.1-cms7/lib/python2.7/site-packages:/cvmfs/cms.cern.ch/slc6_amd64_gcc472/external/sip/4.11.2-cms5/lib/python2.7/site-packages:/cvmfs/cms.cern.ch/slc6_amd64_gcc472/external/py2-pycurl/7.19.0-cms7/lib/python2.7/site-packages:/cvmfs/cms.cern.ch/slc6_amd64_gcc472/external/py2-numpy/1.6.1-cms7/lib/python2.7/site-packages:/cvmfs/cms.cern.ch/slc6_amd64_gcc472/external/py2-lint/0.25.1-cms5/lib/python2.7/site-packages:/cvmfs/cms.cern.ch/slc6_amd64_gcc472/external/py2-ipython/0.10-cms5/lib/python2.7/site-packages:/cvmfs/cms.cern.ch/slc6_amd64_gcc472/external/py2-cx-oracle/5.1-cms5/lib/python2.7/site-packages:/cvmfs/cms.cern.ch/slc6_amd64_gcc472/external/py2-cjson/1.0.5-cms5/lib/python2.7/site-packages:/cvmfs/cms.cern.ch/slc6_amd64_gcc472/cms/das-client/1.11.7/bin:/cvmfs/cms.cern.ch/slc6_amd64_gcc472/external/elementtree/1.2.6-cms5/share/lib/python2.7/site-packages:/cvmfs/cms.cern.ch/slc6_amd64_gcc472/external/rivet/1.8.2-cms9/lib/python2.7/site-packages:/cvmfs/cms.cern.ch/slc6_amd64_gcc472/external/pyminuit2/0.0.1-cms19/lib/python2.7/site-packages:/cvmfs/cms.cern.ch/slc6_amd64_gcc472/external/professor/1.0.0-cms19/lib/python2.7/site-packages:/cvmfs/cms.cern.ch/slc6_amd64_gcc472/lcg/root/5.34.07-cms/lib:/cvmfs/cms.cern.ch/slc6_amd64_gcc472/cms/dbs-client/DBS_2_1_9-cms5/lib:/cvmfs/cms.cern.ch/slc6_amd64_gcc472/cms/dbs-client/DBS_2_1_9-cms5/lib/DBSAPI:/cvmfs/cms.cern.ch/slc6_amd64_gcc472/external/cvs2git/5419-cms/lib:/home/pilcms03/home_cream_333877344/CREAM333877344/glide_LdaOsm/execute/dir_24392/
 
# LIMITS USED BY CRAB WATCHDOG:
# RSS  (KBytes)   : 2300000
# VSZ  (KBytes)   : 100000000
# DISK (MBytes)   : 19000
# CPU TIME        : 720h:0m:0s
# WALL CLOCK TIME : 21h:50m:0s
 
5df971e1bf6ad4673ba110356ee74086
PSETHASH = 5df971e1bf6ad4673ba110356ee74086
/home/pilcms03/home_cream_333877344/CREAM333877344/glide_LdaOsm/execute/dir_24392/writeCfg.py pset.py pset.py
Importing .py file
Setting parameters
inputBlocks=/RSGravToJJ_kMpl01_M-1000_Tune4C_13TeV-pythia8/Fall13dr-tsg_PU20bx25_POSTLS162_V2-v1/AODSIM#172907ba-71ca-11e3-a330-003048f02c8a
inputFiles=/store/mc/Fall13dr/RSGravToJJ_kMpl01_M-1000_Tune4C_13TeV-pythia8/AODSIM/tsg_PU20bx25_POSTLS162_V2-v1/20000/E2439697-9B71-E311-9E44-0026189438FD.root
parentFiles=
lumisRange=
>>> Executable cmsRun
/cvmfs/cms.cern.ch/slc6_amd64_gcc472/cms/cmssw/CMSSW_6_2_5/bin/slc6_amd64_gcc472/cmsRun
ok executable found
>>> info for dashboard:
***** Cat /home/pilcms03/home_cream_333877344/CREAM333877344/glide_LdaOsm/execute/dir_24392/jobreport.txt *****
MonitorJobID=9_https://submit-4.t2.ucsd.edu//140521//203930.1
MonitorID=gdimperi_test_rs7k39
ExeStart=cmsRun
***** End Cat jobreport *****
Parameters sent to Dashboard.
>>> cmsRun started at Wed May 21 15:12:47 UTC 2014
>>> cmsRun ended at Wed May 21 15:16:43 UTC 2014
>>> crab_fjr_*.xml  permission set to 0704
>>> info for dashboard:
***** Cat /home/pilcms03/home_cream_333877344/CREAM333877344/glide_LdaOsm/execute/dir_24392/jobreport.txt *****
MonitorJobID=9_https://submit-4.t2.ucsd.edu//140521//203930.1
MonitorID=gdimperi_test_rs7k39
ExeEnd=cmsRun
***** End Cat jobreport *****
Parameters sent to Dashboard.
TIME_EXE = 236 sec
>>> cmsRun wrote 30 lines of stdout+stderr
>>> START OF printout of 30 lines from stdout+stderr
21-May-2014 17:13:01 CEST  Initiating request to open file dcap://cmsrm-se01.roma1.infn.it/pnfs/roma1.infn.it/data/cms/store/mc/Fall13dr/RSGravToJJ_kMpl01_M-1000_Tune4C_13TeV-pythia8/AODSIM/tsg_PU20bx25_POSTLS162_V2-v1/20000/E2439697-9B71-E311-9E44-0026189438FD.root
21-May-2014 17:13:03 CEST  Successfully opened file dcap://cmsrm-se01.roma1.infn.it/pnfs/roma1.infn.it/data/cms/store/mc/Fall13dr/RSGravToJJ_kMpl01_M-1000_Tune4C_13TeV-pythia8/AODSIM/tsg_PU20bx25_POSTLS162_V2-v1/20000/E2439697-9B71-E311-9E44-0026189438FD.root
Begin processing the 1st record. Run 1, Event 82585, LumiSection 879 at 21-May-2014 17:13:09.772 CEST
Begin processing the 101st record. Run 1, Event 82685, LumiSection 880 at 21-May-2014 17:13:34.709 CEST
Begin processing the 201st record. Run 1, Event 107037, LumiSection 1139 at 21-May-2014 17:13:57.816 CEST
Begin processing the 301st record. Run 1, Event 107137, LumiSection 1140 at 21-May-2014 17:14:21.618 CEST
Begin processing the 401st record. Run 1, Event 126601, LumiSection 1347 at 21-May-2014 17:14:46.190 CEST
Begin processing the 501st record. Run 1, Event 126701, LumiSection 1348 at 21-May-2014 17:15:09.126 CEST
Begin processing the 601st record. Run 1, Event 170417, LumiSection 1813 at 21-May-2014 17:15:33.329 CEST
Begin processing the 701st record. Run 1, Event 191285, LumiSection 2035 at 21-May-2014 17:15:57.373 CEST
Begin processing the 801st record. Run 1, Event 170429, LumiSection 1814 at 21-May-2014 17:16:21.201 CEST
21-May-2014 17:16:43 CEST  Closed file dcap://cmsrm-se01.roma1.infn.it/pnfs/roma1.infn.it/data/cms/store/mc/Fall13dr/RSGravToJJ_kMpl01_M-1000_Tune4C_13TeV-pythia8/AODSIM/tsg_PU20bx25_POSTLS162_V2-v1/20000/E2439697-9B71-E311-9E44-0026189438FD.root

=============================================

MessageLogger Summary

 type     category        sev    module        subroutine        count    total
 ---- -------------------- -- ---------------- ----------------  -----    -----
    1 fileAction           -s file_close                             1        1
    2 fileAction           -s file_open                              2        2

 type    category    Examples: run/evt        run/evt          run/evt
 ---- -------------------- ---------------- ---------------- ----------------
    1 fileAction           PostEndRun                        
    2 fileAction           pre-events       pre-events       

Severity    # Occurrences   Total Occurrences
--------    -------------   -----------------
System                  3                   3
>>> END OF printout of 30 lines from stdout+stderr
>>> Parse FrameworkJobReport crab_fjr.xml
Result of parsing the FrameworkJobReport crab_fjr.xml: Popularity start
lumisRange : 1::879-880,1139-1140,1347-1348,1813-1814,2035-2036::1;
lumisParentRange : 
Basename : /store/mc/Fall13dr/RSGravToJJ_kMpl01_M-1000_Tune4C_13TeV-pythia8/AODSIM/tsg_PU20bx25_POSTLS162_V2-v1/20000/
BasenameParent : 
parentFiles : 
inputBlocks : /RSGravToJJ_kMpl01_M-1000_Tune4C_13TeV-pythia8/Fall13dr-tsg_PU20bx25_POSTLS162_V2-v1/AODSIM#172907ba-71ca-11e3-a330-003048f02c8a
inputFiles : E2439697-9B71-E311-9E44-0026189438FD.root::1::EDM::Local::1;
Popularity stop
Extracted ExitStatus from FrameworkJobReport parsing output: 0
>>> Executable succeded  0
ExeExitCode=0
EXECUTABLE_EXIT_STATUS = 0
>>> current directory /home/pilcms03/home_cream_333877344/CREAM333877344/glide_LdaOsm/execute/dir_24392/CMSSW_6_2_5
>>>  (SOFTWARE_DIR): /home/pilcms03/home_cream_333877344/CREAM333877344/glide_LdaOsm/execute/dir_24392/CMSSW_6_2_5
>>> (WORKING_DIR): 
>>> current directory content:
total 360
drwxr-xr-x 3 cms050 cms   4096 May 21 17:12 .SCRAM
-rw------- 1 cms050 cms  69344 May 21 17:12 CMSSW.py.pkl
drwxr-xr-x 3 cms050 cms   4096 May 21 17:12 bin
drwxr-xr-x 3 cms050 cms   4096 May 21 17:12 cfipython
drwxr-xr-x 4 cms050 cms   4096 May 21 17:12 config
-rw------- 1 cms050 cms     16 May 21 17:16 cpu_timing.txt
-rw------- 1 cms050 cms 140584 May 21 17:16 dijetTree_signal.root
drwxr-xr-x 2 cms050 cms   4096 May 21 17:12 doc
-rw------- 1 cms050 cms   2526 May 21 17:16 executable.out
drwxr-xr-x 2 cms050 cms   4096 May 21 17:12 include
drwx------ 3 cms050 cms   4096 May 20 11:37 lib
drwxr-xr-x 3 cms050 cms   4096 May 21 17:12 logs
drwxr-xr-x 3 cms050 cms   4096 May 21 17:12 objs
-rw------- 1 cms050 cms    104 May 21 17:12 pset.py
-rw------- 1 cms050 cms  69206 May 21 17:12 pset.py.pkl
-rw------- 1 cms050 cms    289 May 21 17:12 pset.pyc
drwxr-xr-x 2 cms050 cms   4096 May 21 17:12 python
-rw------- 1 cms050 cms    350 May 21 17:16 report.log
drwxr-xr-x 2 cms050 cms   4096 May 21 17:12 src
drwxr-xr-x 3 cms050 cms   4096 May 21 17:12 test
drwxr-xr-x 3 cms050 cms   4096 May 21 17:12 tmp
>>> current directory /home/pilcms03/home_cream_333877344/CREAM333877344/glide_LdaOsm/execute/dir_24392/CMSSW_6_2_5
>>> (SOFTWARE_DIR): /home/pilcms03/home_cream_333877344/CREAM333877344/glide_LdaOsm/execute/dir_24392/CMSSW_6_2_5
>>> (WORKING_DIR): 
>>> current directory content:
total 360
drwxr-xr-x 3 cms050 cms   4096 May 21 17:12 .SCRAM
-rw------- 1 cms050 cms  69344 May 21 17:12 CMSSW.py.pkl
drwxr-xr-x 3 cms050 cms   4096 May 21 17:12 bin
drwxr-xr-x 3 cms050 cms   4096 May 21 17:12 cfipython
drwxr-xr-x 4 cms050 cms   4096 May 21 17:12 config
-rw------- 1 cms050 cms     16 May 21 17:16 cpu_timing.txt
-rw------- 1 cms050 cms 140584 May 21 17:16 dijetTree_signal_9_4_yCe.root
drwxr-xr-x 2 cms050 cms   4096 May 21 17:12 doc
-rw------- 1 cms050 cms   2526 May 21 17:16 executable.out
drwxr-xr-x 2 cms050 cms   4096 May 21 17:12 include
drwx------ 3 cms050 cms   4096 May 20 11:37 lib
drwxr-xr-x 3 cms050 cms   4096 May 21 17:12 logs
drwxr-xr-x 3 cms050 cms   4096 May 21 17:12 objs
-rw------- 1 cms050 cms    104 May 21 17:12 pset.py
-rw------- 1 cms050 cms  69206 May 21 17:12 pset.py.pkl
-rw------- 1 cms050 cms    289 May 21 17:12 pset.pyc
drwxr-xr-x 2 cms050 cms   4096 May 21 17:12 python
-rw------- 1 cms050 cms    350 May 21 17:16 report.log
drwxr-xr-x 2 cms050 cms   4096 May 21 17:12 src
drwxr-xr-x 3 cms050 cms   4096 May 21 17:12 test
drwxr-xr-x 3 cms050 cms   4096 May 21 17:12 tmp
>>> current directory (RUNTIME_AREA):  /home/pilcms03/home_cream_333877344/CREAM333877344/glide_LdaOsm/execute/dir_24392
SE = cmsrm-se01.roma1.infn.it
SE_PATH = /srm/managerv2?SFN=/pnfs/roma1.infn.it/data/cms/store/user/gdimperi/store/user/gdimperi/test/
LFNBaseName = /store/user/gdimperi/store/user/gdimperi/test/
USER = gdimperi
endpoint = srm://cmsrm-se01.roma1.infn.it:8443/srm/managerv2?SFN=/pnfs/roma1.infn.it/data/cms/store/user/gdimperi/store/user/gdimperi/test/
>>> Copy output files from WN = cmsrm-wn105.roma1.infn.it to /srm/managerv2?SFN=/pnfs/roma1.infn.it/data/cms/store/user/gdimperi/store/user/gdimperi/test/ :
python cmscp.py  --destination srm://cmsrm-se01.roma1.infn.it:8443/srm/managerv2?SFN=/pnfs/roma1.infn.it/data/cms/store/user/gdimperi/store/user/gdimperi/test/ --inputFileList /home/pilcms03/home_cream_333877344/CREAM333877344/glide_LdaOsm/execute/dir_24392/CMSSW_6_2_5/dijetTree_signal_9_4_yCe.root --middleware LCG --se_name cmsrm-se01.roma1.infn.it --for_lfn /store/user/gdimperi/store/user/gdimperi/test/    
******************************************************
localSeName  =  cmsrm-se01.roma1.infn.it
remoteSeName =  cmsrm-se01.roma1.infn.it
******************************************************
{"/home/pilcms03/home_cream_333877344/CREAM333877344/glide_LdaOsm/execute/dir_24392/CMSSW_6_2_5/dijetTree_signal_9_4_yCe.root": {"endpoint": "srm://cmsrm-se01.roma1.infn.it:8443/srm/managerv2?SFN=/pnfs/roma1.infn.it/data/cms/store/user/gdimperi/store/user/gdimperi/test/", "surl_for_grid": "", "reason": "Copy succedeed with srm-lcg utils", "erCode": "0", "se_name": "cmsrm-se01.roma1.infn.it", "for_lfn": "/store/user/gdimperi/store/user/gdimperi/test/"}}/home/pilcms03/home_cream_333877344/CREAM333877344/glide_LdaOsm/execute/dir_24392
-------- cat /home/pilcms03/home_cream_333877344/CREAM333877344/glide_LdaOsm/execute/dir_24392/cmscpReport.sh 
#!/bin/bash
echo "Report for File: /home/pilcms03/home_cream_333877344/CREAM333877344/glide_LdaOsm/execute/dir_24392/CMSSW_6_2_5/dijetTree_signal_9_4_yCe.root"
echo "LFN: /store/user/gdimperi/store/user/gdimperi/test/dijetTree_signal_9_4_yCe.root"
echo "StorageElement: cmsrm-se01.roma1.infn.it"
echo "StageOutExitStatusReason = 'Copy succedeed with srm-lcg utils'" | tee -a $RUNTIME_AREA/$repo
echo "StageOutSE = cmsrm-se01.roma1.infn.it" >> $RUNTIME_AREA/$repo

export StageOutExitStatus=0
echo "StageOutExitStatus = 0" | tee -a $RUNTIME_AREA/$repo
-------- end of /home/pilcms03/home_cream_333877344/CREAM333877344/glide_LdaOsm/execute/dir_24392/cmscpReport.sh 
Report for File: /home/pilcms03/home_cream_333877344/CREAM333877344/glide_LdaOsm/execute/dir_24392/CMSSW_6_2_5/dijetTree_signal_9_4_yCe.root
LFN: /store/user/gdimperi/store/user/gdimperi/test/dijetTree_signal_9_4_yCe.root
StorageElement: cmsrm-se01.roma1.infn.it
StageOutExitStatusReason = 'Copy succedeed with srm-lcg utils'
StageOutExitStatus = 0
>>> current dir: /home/pilcms03/home_cream_333877344/CREAM333877344/glide_LdaOsm/execute/dir_24392
>>> current dir content:
total 912
-rw-------  1 cms050 cms   2307 May 21 17:17 .SEinteraction.log
-rwx------  1 cms050 cms   6530 May 21 17:12 .job.ad
-rwx------  1 cms050 cms   9581 May 21 17:12 .machine.ad
-rw-------  1 cms050 cms    105 May 21 12:24 CMSSW.py
-rw-------  1 cms050 cms  69344 May 21 12:24 CMSSW.py.pkl
-rwx------  1 cms050 cms  28609 May 21 17:12 CMSSW.sh
drwxr-xr-x 15 cms050 cms   4096 May 21 17:16 CMSSW_6_2_5
-rw-------  1 cms050 cms    404 May 21 17:12 CacheEnv.sh
-rw-------  1 cms050 cms   7291 Apr  4 11:04 DashboardAPI.py
-rw-------  1 cms050 cms   6845 May 21 17:12 DashboardAPI.pyc
drwx------  2 cms050 cms   4096 May 21 17:16 IMProv
-rw-------  1 cms050 cms   2748 Apr  4 11:04 Logger.py
-rw-------  1 cms050 cms   3357 May 21 17:12 Logger.pyc
-rw-------  1 cms050 cms  24524 Apr  4 11:04 ProcInfo.py
-rw-------  1 cms050 cms  23245 May 21 17:12 ProcInfo.pyc
drwx------  7 cms050 cms   4096 May 21 17:12 ProdCommon
drwx------  3 cms050 cms   4096 May 21 17:12 WMCore
-rw-------  1 cms050 cms   1464 May 21 17:16 Watchdog_9.log
-rwx------  1 cms050 cms      0 May 21 17:12 _condor_stderr
-rwx---r--  1 cms050 cms  17469 May 21 17:17 _condor_stdout
-rw-------  1 cms050 cms  32895 Apr  4 11:04 apmon.py
-rw-------  1 cms050 cms  28683 May 21 17:12 apmon.pyc
-rwx------  1 cms050 cms  23907 May 21 17:12 arguments.xml
-rwx------  1 cms050 cms  38515 Apr  4 11:04 cmscp.py
-rw-------  1 cms050 cms    551 May 21 17:17 cmscpReport.sh
-rwx------  1 cms050 cms  28609 May 21 17:12 condor_exec.exe
-rw-------  1 cms050 cms    589 May 21 12:23 crab.cfg
-rwx------  1 cms050 cms   8610 Apr  4 11:04 crabWatchdog.sh
-rwx---r--  1 cms050 cms  42079 May 21 17:16 crab_fjr_9.xml
-rwx------  1 cms050 cms 376054 May 21 17:12 default.tgz
lrwxrwxrwx  1 cms050 cms    123 May 21 17:16 dijetTree_signal.root -> /home/pilcms03/home_cream_333877344/CREAM333877344/glide_LdaOsm/execute/dir_24392/CMSSW_6_2_5/dijetTree_signal_9_4_yCe.root
-rwx------  1 cms050 cms   4488 Apr  4 11:04 fillCrabFjr.py
-rw-------  1 cms050 cms    326 May 21 17:12 inputsReport.txt
-rw-------  1 cms050 cms    243 May 21 17:17 jobreport.txt
-rw-------  1 cms050 cms  17352 Apr  4 11:04 parseCrabFjr.py
-rw-------  1 cms050 cms    325 May 21 17:12 report.log
-rwx--x--x  1 cms050 cms   1497 Apr  4 11:04 report.py
-rw-------  1 cms050 cms    456 May 21 17:17 resultCopyFile
-rwx------  1 cms050 cms   8387 Apr  4 11:04 writeCfg.py
-rw-------  1 cms050 cms   7932 May 21 17:12 x509up_u10095
>>> Modify Job Report:
CMSSW_VERSION = CMSSW_6_2_5
/home/pilcms03/home_cream_333877344/CREAM333877344/glide_LdaOsm/execute/dir_24392/ProdCommon/FwkJobRep/ModifyJobReport.py fjr /home/pilcms03/home_cream_333877344/CREAM333877344/glide_LdaOsm/execute/dir_24392/crab_fjr_9.xml json /home/pilcms03/home_cream_333877344/CREAM333877344/glide_LdaOsm/execute/dir_24392/resultCopyFile n_job 9_4_yCe PrimaryDataset RSGravToJJ_kMpl01_M-1000_Tune4C_13TeV-pythia8  ApplicationFamily cmsRun ApplicationName cmsRun cmssw_version CMSSW_6_2_5 psethash 5df971e1bf6ad4673ba110356ee74086
inputDict =  {u'/home/pilcms03/home_cream_333877344/CREAM333877344/glide_LdaOsm/execute/dir_24392/CMSSW_6_2_5/dijetTree_signal_9_4_yCe.root': {u'endpoint': u'srm://cmsrm-se01.roma1.infn.it:8443/srm/managerv2?SFN=/pnfs/roma1.infn.it/data/cms/store/user/gdimperi/store/user/gdimperi/test/', u'surl_for_grid': u'', u'reason': u'Copy succedeed with srm-lcg utils', u'erCode': u'0', u'se_name': u'cmsrm-se01.roma1.infn.it', u'for_lfn': u'/store/user/gdimperi/store/user/gdimperi/test/'}}
UserProcessedDataset =  
    file =  dijetTree_signal_9_4_yCe.root
    newPfn =  srm://cmsrm-se01.roma1.infn.it:8443/srm/managerv2?SFN=/pnfs/roma1.infn.it/data/cms/store/user/gdimperi/store/user/gdimperi/test/dijetTree_signal_9_4_yCe.root
    newLfn =  /store/user/gdimperi/store/user/gdimperi/test/dijetTree_signal_9_4_yCe.root
>>> crab_fjr_*.xml  permission set to 0704
CrabWrapper EXIT_FUNC entered at Wed May 21 17:17:36 CEST 2014   -  Wed May 21 15:17:36 UTC 2014
Checking output files:  
will tar file crab_fjr_9.xml in  out_files_9
WARNING: output file CMSSW_9.stdout not found!
WARNING: output file CMSSW_9.stderr not found!
WARNING: output file Watchdog_9.log.gz not found!
>>> padding time: Sleeping the wrapper for 302 seconds
STOPPING WATCHDOG. CrabWatchdog PID is 24688
********** LAST 50 LINES OF WATCHDOG LOG
# RESOURCE USAGE SUMMARY FOR PROCESS ID 24466
USER       PID %CPU %MEM    VSZ   RSS TTY      STAT START   TIME COMMAND
cms050   24466  0.6  0.0   9496  1572 ?        S    17:12   0:00 /bin/sh /home/pilcms03/home_cream_333877344/CREAM333877344/glide_LdaOsm/execute/dir_24392/condor_exec.exe 9 4
 
# LIMITS USED BY CRAB WATCHDOG:
# RSS  (KBytes)   : 2300000
# VSZ  (KBytes)   : 100000000
# DISK (MBytes)   : 19000
# CPU TIME        : 720h:0m:0s
# WALL CLOCK TIME : 21h:50m:0s
 
# FOLLOWING PRINTOUT TRACKS MAXIMUM VALUES OF RESOURCES USE
# ONE LINE IS PRINTED EACH TIME A MAXIMUM CHANGES
# IF CHANGE WAS IN RSS OR VSZ ALSO PROCID AND COMMAND ARE PRINTED
# THERE IS NO PRINTOUT FOR CPU/WALL TIME INCREASE
 
# TIME			PID	RSS(KB)	VSZ(KB)	Dsk(MB)	tCPU(s)	tWALL(s)	COMMAND
 May 21 17:12:44 CEST	24466	1572	9496	0	0	1	/bin/sh /home/pilcms03/home_cream_333877344/CREAM333877344/glide_LdaOsm/execute/dir_24392/condor_exec.exe 9 4       
 May 21 17:12:44 CEST	24698	1572	14980	0	0	1	edmConfigHash pset.py         
 May 21 17:12:44 CEST	---	1572	14980	5	----	----	----
 May 21 17:13:45 CEST	24823	479284	688224	5	48	61	cmsRun -j /home/pilcms03/home_cream_333877344/CREAM333877344/glide_LdaOsm/execute/dir_24392/crab_fjr_9.xml -p pset.py      
 May 21 17:15:45 CEST	24823	482724	689760	5	167	182	cmsRun -j /home/pilcms03/home_cream_333877344/CREAM333877344/glide_LdaOsm/execute/dir_24392/crab_fjr_9.xml -p pset.py      
 May 21 17:16:46 CEST	---	482724	689760	6	----	----	----
********** WATCHDOG LOG ENDED
ZIPPING WATCHDOG LOG
Disk space used:
du -sh /home/pilcms03/home_cream_333877344/CREAM333877344/glide_LdaOsm/execute/dir_24392
5.4M	/home/pilcms03/home_cream_333877344/CREAM333877344/glide_LdaOsm/execute/dir_24392
Found unusual stdout, rename for OSB
`/home/pilcms03/home_cream_333877344/CREAM333877344/glide_LdaOsm/execute/dir_24392/_condor_stdout' -> `CMSSW_9.stdout'
Found unusual stderr, rename for OSB
`/home/pilcms03/home_cream_333877344/CREAM333877344/glide_LdaOsm/execute/dir_24392/_condor_stdout' -> `CMSSW_9.stderr'
crab_fjr_9.xml
CMSSW_9.stdout
CMSSW_9.stderr
Watchdog_9.log.gz
Total Output dimension: 12071
WARNING: output files size limit is set to: 50000000
Total Output dimension 12071 is fine.
JOB_EXIT_STATUS = 0
>>> info for dashboard:
***** Cat /home/pilcms03/home_cream_333877344/CREAM333877344/glide_LdaOsm/execute/dir_24392/jobreport.txt *****
MonitorJobID=9_https://submit-4.t2.ucsd.edu//140521//203930.1
MonitorID=gdimperi_test_rs7k39
ExeTime=236
ExeExitCode=0
StageOutExitStatusReason = 'Copy succedeed with srm-lcg utils'
StageOutSE = cmsrm-se01.roma1.infn.it
StageOutExitStatus = 0
CrabUserCpuTime=217.55
CrabSysCpuTime=6.65
CrabCpuPercentage=94%
CrabWrapperTime=600
CrabStageoutTime=48
JobExitCode=0
***** End Cat jobreport *****
Parameters sent to Dashboard.
EXITING at Wed May 21 17:22:40 CEST 2014  -  Wed May 21 15:22:40 UTC 2014
