This script was generated by crab (version 2.10.5_patch1).
Running /home/pilcms16/home_cream_049228346/CREAM049228346/glide_IBkPDS/execute/dir_31834/condor_exec.exe with 2 positional parameters: 10 2
Today is Wed May 21 15:49:38 CEST 2014 - Wed May 21 13:49:38 UTC 2014
Job submitted on host cmsrm-wn108.roma1.infn.it
Linux cmsrm-wn108.roma1.infn.it 2.6.32-358.11.1.el6.x86_64 #1 SMP Tue Jun 11 17:23:30 CDT 2013 x86_64 x86_64 x86_64 GNU/Linux
>>> current directory (RUNTIME_AREA): /home/pilcms16/home_cream_049228346/CREAM049228346/glide_IBkPDS/execute/dir_31834
>>> current user: uid=18672(cms050) gid=1399(cms) groups=1399(cms)
>>> directory permission set to 0700
>>> umask set to:  u=rwx,g=,o=
>>> stdout stderr permission set to 0704
>>> voms proxy information:
subject   : /C=IT/O=INFN/OU=Personal Certificate/L=Roma 1/CN=Giulia Dimperio/CN=1921777325/CN=1263102778
issuer    : /C=IT/O=INFN/OU=Personal Certificate/L=Roma 1/CN=Giulia Dimperio/CN=1921777325
identity  : /C=IT/O=INFN/OU=Personal Certificate/L=Roma 1/CN=Giulia Dimperio
type      : RFC3820 compliant limited proxy
strength  : 1024
path      : /home/pilcms16/home_cream_049228346/CREAM049228346/glide_IBkPDS/execute/dir_31834/x509up_u10095
timeleft  : 23:59:49
key usage : Digital Signature, Key Encipherment, Data Encipherment
=== VO cms extension information ===
VO        : cms
subject   : /C=IT/O=INFN/OU=Personal Certificate/L=Roma 1/CN=Giulia Dimperio
issuer    : /DC=ch/DC=cern/OU=computers/CN=voms.cern.ch
attribute : /cms/Role=NULL/Capability=NULL
timeleft  : 188:38:37
uri       : voms.cern.ch:15002

WNHostName=cmsrm-wn108.roma1.infn.it
>>> tar --no-same-permissions -xf /home/pilcms16/home_cream_049228346/CREAM049228346/glide_IBkPDS/execute/dir_31834/default.tgz :
Successful untar
>>> Include /home/pilcms16/home_cream_049228346/CREAM049228346/glide_IBkPDS/execute/dir_31834 in PYTHONPATH:
strip arguments
env var CRAB_UNIQUE_JOB_ID set to: gdimperi_test_rs7k39_10_2_IjA
out_files_10
>>> list of expected files on output sandbox
output files: crab_fjr_10.xml CMSSW_10.stdout CMSSW_10.stderr Watchdog_10.log.gz
>>> GridFlavour discovery: 
GridFlavour=LCG
>>> SyncSite discovery: 
SyncSite=T2_IT_Rome
>>> SyncCE discovery: 
getting SyncCE from CE_ID
SyncCE=cmsrm-cream01.roma1.infn.it:8443/cream-lsf-cmsglong
>>> info for dashboard:
***** Cat /home/pilcms16/home_cream_049228346/CREAM049228346/glide_IBkPDS/execute/dir_31834/jobreport.txt *****
WNHostName=cmsrm-wn108.roma1.infn.it
MonitorJobID=10_https://submit-4.t2.ucsd.edu//140521//203796.9
SyncGridJobId=https://submit-4.t2.ucsd.edu//140521//203796.9
MonitorID=gdimperi_test_rs7k39
GridFlavour=LCG
SyncSite=T2_IT_Rome
SyncCE=cmsrm-cream01.roma1.infn.it:8443/cream-lsf-cmsglong
***** End Cat jobreport *****
Parameters sent to Dashboard.
>>> setup environment
set SCRAM ARCH to slc6_amd64_gcc472
SCRAM_ARCH = slc6_amd64_gcc472
>>> setup CMS LCG environment:
set SCRAM ARCH and BUILD_ARCH to slc6_amd64_gcc472 ###
Sourcing environment... 
sourcing /cvmfs/cms.cern.ch/cmsset_default.sh
==> setup cms environment ok
>>> specific cmssw setup environment:
CMSSW_VERSION =  CMSSW_6_2_5
WARNING: Developer's area is created for non-production architecture slc6_amd64_gcc472. Production architecture for this release is slc5_amd64_gcc472.
>>> current directory (SOFTWARE_DIR): /home/pilcms16/home_cream_049228346/CREAM049228346/glide_IBkPDS/execute/dir_31834/CMSSW_6_2_5
PreserveSeeds: <>
IncrementSeeds:<>
>>> info for dashboard:
***** Cat /home/pilcms16/home_cream_049228346/CREAM049228346/glide_IBkPDS/execute/dir_31834/jobreport.txt *****
MonitorJobID=10_https://submit-4.t2.ucsd.edu//140521//203796.9
MonitorID=gdimperi_test_rs7k39
***** End Cat jobreport *****
Parameters sent to Dashboard.
crabWatchdog started as process 32055
>>> moving CMSSW software directories in /home/pilcms16/home_cream_049228346/CREAM049228346/glide_IBkPDS/execute/dir_31834/CMSSW_6_2_5
mv: cannot stat `/home/pilcms16/home_cream_049228346/CREAM049228346/glide_IBkPDS/execute/dir_31834/module/': No such file or directory
>>> Include /home/pilcms16/home_cream_049228346/CREAM049228346/glide_IBkPDS/execute/dir_31834 in PYTHONPATH:
PYTHONPATH=/home/pilcms16/home_cream_049228346/CREAM049228346/glide_IBkPDS/execute/dir_31834/:/home/pilcms16/home_cream_049228346/CREAM049228346/glide_IBkPDS/execute/dir_31834/CMSSW_6_2_5/python:/home/pilcms16/home_cream_049228346/CREAM049228346/glide_IBkPDS/execute/dir_31834/CMSSW_6_2_5/lib/slc6_amd64_gcc472:/cvmfs/cms.cern.ch/slc6_amd64_gcc472/cms/cmssw/CMSSW_6_2_5/python:/cvmfs/cms.cern.ch/slc6_amd64_gcc472/cms/cmssw/CMSSW_6_2_5/lib/slc6_amd64_gcc472:/cvmfs/cms.cern.ch/slc6_amd64_gcc472/cms/coral/CORAL_2_3_21-cms30/slc6_amd64_gcc472/python:/cvmfs/cms.cern.ch/slc6_amd64_gcc472/cms/coral/CORAL_2_3_21-cms30/slc6_amd64_gcc472/lib:/cvmfs/cms.cern.ch/slc6_amd64_gcc472/external/python-ldap/2.3.5-cms5/lib/python2.7/site-packages:/cvmfs/cms.cern.ch/slc6_amd64_gcc472/external/pyqt/4.8.1-cms5/lib/python2.7/site-packages:/cvmfs/cms.cern.ch/slc6_amd64_gcc472/external/py2-scipy/0.8.0-cms7/lib/python2.7/site-packages:/cvmfs/cms.cern.ch/slc6_amd64_gcc472/external/py2-matplotlib/1.0.1-cms7/lib/python2.7/site-packages:/cvmfs/cms.cern.ch/slc6_amd64_gcc472/external/sip/4.11.2-cms5/lib/python2.7/site-packages:/cvmfs/cms.cern.ch/slc6_amd64_gcc472/external/py2-pycurl/7.19.0-cms7/lib/python2.7/site-packages:/cvmfs/cms.cern.ch/slc6_amd64_gcc472/external/py2-numpy/1.6.1-cms7/lib/python2.7/site-packages:/cvmfs/cms.cern.ch/slc6_amd64_gcc472/external/py2-lint/0.25.1-cms5/lib/python2.7/site-packages:/cvmfs/cms.cern.ch/slc6_amd64_gcc472/external/py2-ipython/0.10-cms5/lib/python2.7/site-packages:/cvmfs/cms.cern.ch/slc6_amd64_gcc472/external/py2-cx-oracle/5.1-cms5/lib/python2.7/site-packages:/cvmfs/cms.cern.ch/slc6_amd64_gcc472/external/py2-cjson/1.0.5-cms5/lib/python2.7/site-packages:/cvmfs/cms.cern.ch/slc6_amd64_gcc472/cms/das-client/1.11.7/bin:/cvmfs/cms.cern.ch/slc6_amd64_gcc472/external/elementtree/1.2.6-cms5/share/lib/python2.7/site-packages:/cvmfs/cms.cern.ch/slc6_amd64_gcc472/external/rivet/1.8.2-cms9/lib/python2.7/site-packages:/cvmfs/cms.cern.ch/slc6_amd64_gcc472/external/pyminuit2/0.0.1-cms19/lib/python2.7/site-packages:/cvmfs/cms.cern.ch/slc6_amd64_gcc472/external/professor/1.0.0-cms19/lib/python2.7/site-packages:/cvmfs/cms.cern.ch/slc6_amd64_gcc472/lcg/root/5.34.07-cms/lib:/cvmfs/cms.cern.ch/slc6_amd64_gcc472/cms/dbs-client/DBS_2_1_9-cms5/lib:/cvmfs/cms.cern.ch/slc6_amd64_gcc472/cms/dbs-client/DBS_2_1_9-cms5/lib/DBSAPI:/cvmfs/cms.cern.ch/slc6_amd64_gcc472/external/cvs2git/5419-cms/lib:/home/pilcms16/home_cream_049228346/CREAM049228346/glide_IBkPDS/execute/dir_31834/
 
# LIMITS USED BY CRAB WATCHDOG:
# RSS  (KBytes)   : 2300000
# VSZ  (KBytes)   : 100000000
# DISK (MBytes)   : 19000
# CPU TIME        : 720h:0m:0s
# WALL CLOCK TIME : 21h:50m:0s
 
5df971e1bf6ad4673ba110356ee74086
PSETHASH = 5df971e1bf6ad4673ba110356ee74086
/home/pilcms16/home_cream_049228346/CREAM049228346/glide_IBkPDS/execute/dir_31834/writeCfg.py pset.py pset.py
Importing .py file
Setting parameters
inputBlocks=/RSGravToJJ_kMpl01_M-1000_Tune4C_13TeV-pythia8/Fall13dr-tsg_PU20bx25_POSTLS162_V2-v1/AODSIM#b0a90514-7050-11e3-b1c2-003048f02d38
inputFiles=/store/mc/Fall13dr/RSGravToJJ_kMpl01_M-1000_Tune4C_13TeV-pythia8/AODSIM/tsg_PU20bx25_POSTLS162_V2-v1/00000/0CEDD81B-4E70-E311-9D05-00261894396A.root
parentFiles=
lumisRange=
>>> Executable cmsRun
/cvmfs/cms.cern.ch/slc6_amd64_gcc472/cms/cmssw/CMSSW_6_2_5/bin/slc6_amd64_gcc472/cmsRun
ok executable found
>>> info for dashboard:
***** Cat /home/pilcms16/home_cream_049228346/CREAM049228346/glide_IBkPDS/execute/dir_31834/jobreport.txt *****
MonitorJobID=10_https://submit-4.t2.ucsd.edu//140521//203796.9
MonitorID=gdimperi_test_rs7k39
ExeStart=cmsRun
***** End Cat jobreport *****
Parameters sent to Dashboard.
>>> cmsRun started at Wed May 21 13:49:49 UTC 2014
>>> cmsRun ended at Wed May 21 14:21:11 UTC 2014
>>> crab_fjr_*.xml  permission set to 0704
>>> info for dashboard:
***** Cat /home/pilcms16/home_cream_049228346/CREAM049228346/glide_IBkPDS/execute/dir_31834/jobreport.txt *****
MonitorJobID=10_https://submit-4.t2.ucsd.edu//140521//203796.9
MonitorID=gdimperi_test_rs7k39
ExeEnd=cmsRun
***** End Cat jobreport *****
Parameters sent to Dashboard.
TIME_EXE = 1882 sec
>>> cmsRun wrote 101 lines of stdout+stderr
>>> START OF printout of 101 lines from stdout+stderr
21-May-2014 15:50:03 CEST  Initiating request to open file dcap://cmsrm-se01.roma1.infn.it/pnfs/roma1.infn.it/data/cms/store/mc/Fall13dr/RSGravToJJ_kMpl01_M-1000_Tune4C_13TeV-pythia8/AODSIM/tsg_PU20bx25_POSTLS162_V2-v1/00000/0CEDD81B-4E70-E311-9D05-00261894396A.root
21-May-2014 15:50:05 CEST  Successfully opened file dcap://cmsrm-se01.roma1.infn.it/pnfs/roma1.infn.it/data/cms/store/mc/Fall13dr/RSGravToJJ_kMpl01_M-1000_Tune4C_13TeV-pythia8/AODSIM/tsg_PU20bx25_POSTLS162_V2-v1/00000/0CEDD81B-4E70-E311-9D05-00261894396A.root
Begin processing the 1st record. Run 1, Event 2069, LumiSection 23 at 21-May-2014 15:50:13.028 CEST
Begin processing the 101st record. Run 1, Event 2169, LumiSection 24 at 21-May-2014 15:50:37.255 CEST
Begin processing the 201st record. Run 1, Event 39305, LumiSection 419 at 21-May-2014 15:51:00.092 CEST
Begin processing the 301st record. Run 1, Event 39405, LumiSection 420 at 21-May-2014 15:51:23.087 CEST
Begin processing the 401st record. Run 1, Event 106621, LumiSection 1135 at 21-May-2014 15:51:46.497 CEST
Begin processing the 501st record. Run 1, Event 106721, LumiSection 1136 at 21-May-2014 15:52:10.118 CEST
Begin processing the 601st record. Run 1, Event 106821, LumiSection 1137 at 21-May-2014 15:52:34.036 CEST
Begin processing the 701st record. Run 1, Event 106921, LumiSection 1138 at 21-May-2014 15:52:57.223 CEST
Begin processing the 801st record. Run 1, Event 148569, LumiSection 1581 at 21-May-2014 15:53:20.955 CEST
Begin processing the 901st record. Run 1, Event 148669, LumiSection 1582 at 21-May-2014 15:53:44.058 CEST
Begin processing the 1001st record. Run 1, Event 150837, LumiSection 1605 at 21-May-2014 15:54:07.821 CEST
Begin processing the 1101st record. Run 1, Event 150937, LumiSection 1606 at 21-May-2014 15:54:31.139 CEST
Begin processing the 1201st record. Run 1, Event 151225, LumiSection 1609 at 21-May-2014 15:54:55.182 CEST
Begin processing the 1301st record. Run 1, Event 8533, LumiSection 91 at 21-May-2014 15:55:18.354 CEST
Begin processing the 1401st record. Run 1, Event 8633, LumiSection 92 at 21-May-2014 15:55:42.823 CEST
Begin processing the 1501st record. Run 1, Event 20013, LumiSection 213 at 21-May-2014 15:56:06.045 CEST
Begin processing the 1601st record. Run 1, Event 20113, LumiSection 214 at 21-May-2014 15:56:30.267 CEST
Begin processing the 1701st record. Run 1, Event 98797, LumiSection 1051 at 21-May-2014 15:56:53.923 CEST
Begin processing the 1801st record. Run 1, Event 31781, LumiSection 339 at 21-May-2014 15:57:18.701 CEST
Begin processing the 1901st record. Run 1, Event 31881, LumiSection 340 at 21-May-2014 15:57:42.090 CEST
Begin processing the 2001st record. Run 1, Event 135945, LumiSection 1447 at 21-May-2014 15:58:06.575 CEST
Begin processing the 2101st record. Run 1, Event 136045, LumiSection 1448 at 21-May-2014 15:58:30.332 CEST
Begin processing the 2201st record. Run 1, Event 149869, LumiSection 1595 at 21-May-2014 15:58:54.221 CEST
Begin processing the 2301st record. Run 1, Event 149969, LumiSection 1596 at 21-May-2014 15:59:18.934 CEST
Begin processing the 2401st record. Run 1, Event 150257, LumiSection 1599 at 21-May-2014 15:59:41.955 CEST
Begin processing the 2501st record. Run 1, Event 25989, LumiSection 277 at 21-May-2014 16:00:05.630 CEST
Begin processing the 2601st record. Run 1, Event 26089, LumiSection 278 at 21-May-2014 16:00:30.388 CEST
Begin processing the 2701st record. Run 1, Event 27693, LumiSection 295 at 21-May-2014 16:00:53.671 CEST
Begin processing the 2801st record. Run 1, Event 27793, LumiSection 296 at 21-May-2014 16:01:17.593 CEST
Begin processing the 2901st record. Run 1, Event 28081, LumiSection 299 at 21-May-2014 16:01:41.145 CEST
Begin processing the 3001st record. Run 1, Event 28181, LumiSection 300 at 21-May-2014 16:02:04.894 CEST
Begin processing the 3101st record. Run 1, Event 28657, LumiSection 305 at 21-May-2014 16:02:29.283 CEST
Begin processing the 3201st record. Run 1, Event 28757, LumiSection 306 at 21-May-2014 16:02:52.691 CEST
Begin processing the 3301st record. Run 1, Event 163277, LumiSection 1737 at 21-May-2014 16:03:16.717 CEST
Begin processing the 3401st record. Run 1, Event 164129, LumiSection 1747 at 21-May-2014 16:03:40.430 CEST
Begin processing the 3501st record. Run 1, Event 164229, LumiSection 1748 at 21-May-2014 16:04:04.513 CEST
Begin processing the 3601st record. Run 1, Event 164705, LumiSection 1753 at 21-May-2014 16:04:27.914 CEST
Begin processing the 3701st record. Run 1, Event 44949, LumiSection 479 at 21-May-2014 16:04:51.518 CEST
Begin processing the 3801st record. Run 1, Event 45049, LumiSection 480 at 21-May-2014 16:05:15.003 CEST
Begin processing the 3901st record. Run 1, Event 57557, LumiSection 613 at 21-May-2014 16:05:38.452 CEST
Begin processing the 4001st record. Run 1, Event 57657, LumiSection 614 at 21-May-2014 16:06:02.011 CEST
Begin processing the 4101st record. Run 1, Event 59073, LumiSection 629 at 21-May-2014 16:06:25.726 CEST
Begin processing the 4201st record. Run 1, Event 59173, LumiSection 630 at 21-May-2014 16:06:48.636 CEST
Begin processing the 4301st record. Run 1, Event 103265, LumiSection 1099 at 21-May-2014 16:07:12.761 CEST
Begin processing the 4401st record. Run 1, Event 103365, LumiSection 1100 at 21-May-2014 16:07:35.502 CEST
Begin processing the 4501st record. Run 1, Event 122077, LumiSection 1299 at 21-May-2014 16:07:58.869 CEST
Begin processing the 4601st record. Run 1, Event 122177, LumiSection 1300 at 21-May-2014 16:08:21.796 CEST
Begin processing the 4701st record. Run 1, Event 126037, LumiSection 1341 at 21-May-2014 16:08:45.573 CEST
Begin processing the 4801st record. Run 1, Event 126137, LumiSection 1342 at 21-May-2014 16:09:07.650 CEST
Begin processing the 4901st record. Run 1, Event 47841, LumiSection 509 at 21-May-2014 16:09:31.133 CEST
Begin processing the 5001st record. Run 1, Event 67117, LumiSection 715 at 21-May-2014 16:09:54.314 CEST
Begin processing the 5101st record. Run 1, Event 67217, LumiSection 716 at 21-May-2014 16:10:17.738 CEST
Begin processing the 5201st record. Run 1, Event 88937, LumiSection 947 at 21-May-2014 16:10:39.975 CEST
Begin processing the 5301st record. Run 1, Event 67693, LumiSection 721 at 21-May-2014 16:11:03.424 CEST
Begin processing the 5401st record. Run 1, Event 67793, LumiSection 722 at 21-May-2014 16:11:26.548 CEST
Begin processing the 5501st record. Run 1, Event 68457, LumiSection 729 at 21-May-2014 16:11:48.648 CEST
Begin processing the 5601st record. Run 1, Event 68557, LumiSection 730 at 21-May-2014 16:12:12.622 CEST
Begin processing the 5701st record. Run 1, Event 68657, LumiSection 731 at 21-May-2014 16:12:35.071 CEST
Begin processing the 5801st record. Run 1, Event 68757, LumiSection 732 at 21-May-2014 16:12:58.472 CEST
Begin processing the 5901st record. Run 1, Event 69609, LumiSection 741 at 21-May-2014 16:13:20.823 CEST
Begin processing the 6001st record. Run 1, Event 69709, LumiSection 742 at 21-May-2014 16:13:44.497 CEST
Begin processing the 6101st record. Run 1, Event 69057, LumiSection 735 at 21-May-2014 16:14:07.704 CEST
Begin processing the 6201st record. Run 1, Event 69157, LumiSection 736 at 21-May-2014 16:14:31.300 CEST
Begin processing the 6301st record. Run 1, Event 121145, LumiSection 1289 at 21-May-2014 16:14:55.075 CEST
Begin processing the 6401st record. Run 1, Event 121245, LumiSection 1290 at 21-May-2014 16:15:19.099 CEST
Begin processing the 6501st record. Run 1, Event 121533, LumiSection 1293 at 21-May-2014 16:15:42.303 CEST
Begin processing the 6601st record. Run 1, Event 121633, LumiSection 1294 at 21-May-2014 16:16:06.538 CEST
Begin processing the 6701st record. Run 1, Event 122297, LumiSection 1301 at 21-May-2014 16:16:30.152 CEST
Begin processing the 6801st record. Run 1, Event 142513, LumiSection 1517 at 21-May-2014 16:16:53.444 CEST
Begin processing the 6901st record. Run 1, Event 142613, LumiSection 1518 at 21-May-2014 16:17:16.320 CEST
Begin processing the 7001st record. Run 1, Event 182005, LumiSection 1937 at 21-May-2014 16:17:39.742 CEST
Begin processing the 7101st record. Run 1, Event 182105, LumiSection 1938 at 21-May-2014 16:18:03.553 CEST
Begin processing the 7201st record. Run 1, Event 182205, LumiSection 1939 at 21-May-2014 16:18:26.335 CEST
Begin processing the 7301st record. Run 1, Event 144329, LumiSection 1536 at 21-May-2014 16:18:49.381 CEST
Begin processing the 7401st record. Run 1, Event 166425, LumiSection 1771 at 21-May-2014 16:19:12.284 CEST
Begin processing the 7501st record. Run 1, Event 166525, LumiSection 1772 at 21-May-2014 16:19:36.376 CEST
Begin processing the 7601st record. Run 1, Event 164845, LumiSection 1754 at 21-May-2014 16:20:00.189 CEST
Begin processing the 7701st record. Run 1, Event 166261, LumiSection 1769 at 21-May-2014 16:20:23.500 CEST
Begin processing the 7801st record. Run 1, Event 166361, LumiSection 1770 at 21-May-2014 16:20:46.623 CEST
Begin processing the 7901st record. Run 1, Event 186301, LumiSection 1982 at 21-May-2014 16:21:09.625 CEST
21-May-2014 16:21:11 CEST  Closed file dcap://cmsrm-se01.roma1.infn.it/pnfs/roma1.infn.it/data/cms/store/mc/Fall13dr/RSGravToJJ_kMpl01_M-1000_Tune4C_13TeV-pythia8/AODSIM/tsg_PU20bx25_POSTLS162_V2-v1/00000/0CEDD81B-4E70-E311-9D05-00261894396A.root

=============================================

MessageLogger Summary

 type     category        sev    module        subroutine        count    total
 ---- -------------------- -- ---------------- ----------------  -----    -----
    1 fileAction           -s file_close                             1        1
    2 fileAction           -s file_open                              2        2

 type    category    Examples: run/evt        run/evt          run/evt
 ---- -------------------- ---------------- ---------------- ----------------
    1 fileAction           PostEndRun                        
    2 fileAction           pre-events       pre-events       

Severity    # Occurrences   Total Occurrences
--------    -------------   -----------------
System                  3                   3
>>> END OF printout of 101 lines from stdout+stderr
>>> Parse FrameworkJobReport crab_fjr.xml
Result of parsing the FrameworkJobReport crab_fjr.xml: Popularity start
lumisRange : 1::23-24,91-92,213-214,277-278,295-296,299-300,305-306,339-340,419-420,479-480,509-510,613-614,629-630,715-716,721-722,729-732,735-736,741-742,947,1051-1052,1099-1100,1135-1138,1289-1290,1293-1294,1299-1302,1341-1342,1447-1448,1517-1518,1536,1581-1582,1595-1596,1599,1605-1606,1609,1737-1738,1747-1748,1753-1754,1769-1772,1937-1939,1982::1;
lumisParentRange : 
Basename : /store/mc/Fall13dr/RSGravToJJ_kMpl01_M-1000_Tune4C_13TeV-pythia8/AODSIM/tsg_PU20bx25_POSTLS162_V2-v1/00000/
BasenameParent : 
parentFiles : 
inputBlocks : /RSGravToJJ_kMpl01_M-1000_Tune4C_13TeV-pythia8/Fall13dr-tsg_PU20bx25_POSTLS162_V2-v1/AODSIM#b0a90514-7050-11e3-b1c2-003048f02d38
inputFiles : 0CEDD81B-4E70-E311-9D05-00261894396A.root::1::EDM::Local::1;
Popularity stop
Extracted ExitStatus from FrameworkJobReport parsing output: 0
>>> Executable succeded  0
ExeExitCode=0
EXECUTABLE_EXIT_STATUS = 0
>>> current directory /home/pilcms16/home_cream_049228346/CREAM049228346/glide_IBkPDS/execute/dir_31834/CMSSW_6_2_5
>>>  (SOFTWARE_DIR): /home/pilcms16/home_cream_049228346/CREAM049228346/glide_IBkPDS/execute/dir_31834/CMSSW_6_2_5
>>> (WORKING_DIR): 
>>> current directory content:
total 1332
drwxr-xr-x 3 cms050 cms    4096 May 21 15:49 .SCRAM
-rw------- 1 cms050 cms   69344 May 21 15:49 CMSSW.py.pkl
drwxr-xr-x 3 cms050 cms    4096 May 21 15:49 bin
drwxr-xr-x 3 cms050 cms    4096 May 21 15:49 cfipython
drwxr-xr-x 4 cms050 cms    4096 May 21 15:49 config
-rw------- 1 cms050 cms      18 May 21 16:21 cpu_timing.txt
-rw------- 1 cms050 cms 1128023 May 21 16:21 dijetTree_signal.root
drwxr-xr-x 2 cms050 cms    4096 May 21 15:49 doc
-rw------- 1 cms050 cms   10041 May 21 16:21 executable.out
drwxr-xr-x 2 cms050 cms    4096 May 21 15:49 include
drwx------ 3 cms050 cms    4096 May 20 11:37 lib
drwxr-xr-x 3 cms050 cms    4096 May 21 15:49 logs
drwxr-xr-x 3 cms050 cms    4096 May 21 15:49 objs
-rw------- 1 cms050 cms     104 May 21 15:49 pset.py
-rw------- 1 cms050 cms   69204 May 21 15:49 pset.py.pkl
-rw------- 1 cms050 cms     289 May 21 15:49 pset.pyc
drwxr-xr-x 2 cms050 cms    4096 May 21 15:49 python
-rw------- 1 cms050 cms     353 May 21 16:21 report.log
drwxr-xr-x 2 cms050 cms    4096 May 21 15:49 src
drwxr-xr-x 3 cms050 cms    4096 May 21 15:49 test
drwxr-xr-x 3 cms050 cms    4096 May 21 15:49 tmp
>>> current directory /home/pilcms16/home_cream_049228346/CREAM049228346/glide_IBkPDS/execute/dir_31834/CMSSW_6_2_5
>>> (SOFTWARE_DIR): /home/pilcms16/home_cream_049228346/CREAM049228346/glide_IBkPDS/execute/dir_31834/CMSSW_6_2_5
>>> (WORKING_DIR): 
>>> current directory content:
total 1332
drwxr-xr-x 3 cms050 cms    4096 May 21 15:49 .SCRAM
-rw------- 1 cms050 cms   69344 May 21 15:49 CMSSW.py.pkl
drwxr-xr-x 3 cms050 cms    4096 May 21 15:49 bin
drwxr-xr-x 3 cms050 cms    4096 May 21 15:49 cfipython
drwxr-xr-x 4 cms050 cms    4096 May 21 15:49 config
-rw------- 1 cms050 cms      18 May 21 16:21 cpu_timing.txt
-rw------- 1 cms050 cms 1128023 May 21 16:21 dijetTree_signal_10_2_IjA.root
drwxr-xr-x 2 cms050 cms    4096 May 21 15:49 doc
-rw------- 1 cms050 cms   10041 May 21 16:21 executable.out
drwxr-xr-x 2 cms050 cms    4096 May 21 15:49 include
drwx------ 3 cms050 cms    4096 May 20 11:37 lib
drwxr-xr-x 3 cms050 cms    4096 May 21 15:49 logs
drwxr-xr-x 3 cms050 cms    4096 May 21 15:49 objs
-rw------- 1 cms050 cms     104 May 21 15:49 pset.py
-rw------- 1 cms050 cms   69204 May 21 15:49 pset.py.pkl
-rw------- 1 cms050 cms     289 May 21 15:49 pset.pyc
drwxr-xr-x 2 cms050 cms    4096 May 21 15:49 python
-rw------- 1 cms050 cms     353 May 21 16:21 report.log
drwxr-xr-x 2 cms050 cms    4096 May 21 15:49 src
drwxr-xr-x 3 cms050 cms    4096 May 21 15:49 test
drwxr-xr-x 3 cms050 cms    4096 May 21 15:49 tmp
>>> current directory (RUNTIME_AREA):  /home/pilcms16/home_cream_049228346/CREAM049228346/glide_IBkPDS/execute/dir_31834
SE = cmsrm-se01.roma1.infn.it
SE_PATH = /srm/managerv2?SFN=/pnfs/roma1.infn.it/data/cms/store/user/gdimperi/store/user/gdimperi/test/
LFNBaseName = /store/user/gdimperi/store/user/gdimperi/test/
USER = gdimperi
endpoint = srm://cmsrm-se01.roma1.infn.it:8443/srm/managerv2?SFN=/pnfs/roma1.infn.it/data/cms/store/user/gdimperi/store/user/gdimperi/test/
>>> Copy output files from WN = cmsrm-wn108.roma1.infn.it to /srm/managerv2?SFN=/pnfs/roma1.infn.it/data/cms/store/user/gdimperi/store/user/gdimperi/test/ :
python cmscp.py  --destination srm://cmsrm-se01.roma1.infn.it:8443/srm/managerv2?SFN=/pnfs/roma1.infn.it/data/cms/store/user/gdimperi/store/user/gdimperi/test/ --inputFileList /home/pilcms16/home_cream_049228346/CREAM049228346/glide_IBkPDS/execute/dir_31834/CMSSW_6_2_5/dijetTree_signal_10_2_IjA.root --middleware LCG --se_name cmsrm-se01.roma1.infn.it --for_lfn /store/user/gdimperi/store/user/gdimperi/test/    
******************************************************
localSeName  =  cmsrm-se01.roma1.infn.it
remoteSeName =  cmsrm-se01.roma1.infn.it
******************************************************
{"/home/pilcms16/home_cream_049228346/CREAM049228346/glide_IBkPDS/execute/dir_31834/CMSSW_6_2_5/dijetTree_signal_10_2_IjA.root": {"endpoint": "srm://cmsrm-se01.roma1.infn.it:8443/srm/managerv2?SFN=/pnfs/roma1.infn.it/data/cms/store/user/gdimperi/store/user/gdimperi/test/", "surl_for_grid": "", "reason": "Copy succedeed with srm-lcg utils", "erCode": "0", "se_name": "cmsrm-se01.roma1.infn.it", "for_lfn": "/store/user/gdimperi/store/user/gdimperi/test/"}}/home/pilcms16/home_cream_049228346/CREAM049228346/glide_IBkPDS/execute/dir_31834
-------- cat /home/pilcms16/home_cream_049228346/CREAM049228346/glide_IBkPDS/execute/dir_31834/cmscpReport.sh 
#!/bin/bash
echo "Report for File: /home/pilcms16/home_cream_049228346/CREAM049228346/glide_IBkPDS/execute/dir_31834/CMSSW_6_2_5/dijetTree_signal_10_2_IjA.root"
echo "LFN: /store/user/gdimperi/store/user/gdimperi/test/dijetTree_signal_10_2_IjA.root"
echo "StorageElement: cmsrm-se01.roma1.infn.it"
echo "StageOutExitStatusReason = 'Copy succedeed with srm-lcg utils'" | tee -a $RUNTIME_AREA/$repo
echo "StageOutSE = cmsrm-se01.roma1.infn.it" >> $RUNTIME_AREA/$repo

export StageOutExitStatus=0
echo "StageOutExitStatus = 0" | tee -a $RUNTIME_AREA/$repo
-------- end of /home/pilcms16/home_cream_049228346/CREAM049228346/glide_IBkPDS/execute/dir_31834/cmscpReport.sh 
Report for File: /home/pilcms16/home_cream_049228346/CREAM049228346/glide_IBkPDS/execute/dir_31834/CMSSW_6_2_5/dijetTree_signal_10_2_IjA.root
LFN: /store/user/gdimperi/store/user/gdimperi/test/dijetTree_signal_10_2_IjA.root
StorageElement: cmsrm-se01.roma1.infn.it
StageOutExitStatusReason = 'Copy succedeed with srm-lcg utils'
StageOutExitStatus = 0
>>> current dir: /home/pilcms16/home_cream_049228346/CREAM049228346/glide_IBkPDS/execute/dir_31834
>>> current dir content:
total 920
-rw-------  1 cms050 cms   2316 May 21 16:22 .SEinteraction.log
-rwx------  1 cms050 cms   6511 May 21 15:49 .job.ad
-rwx------  1 cms050 cms   9353 May 21 15:49 .machine.ad
-rw-------  1 cms050 cms    105 May 21 12:24 CMSSW.py
-rw-------  1 cms050 cms  69344 May 21 12:24 CMSSW.py.pkl
-rwx------  1 cms050 cms  28609 May 21 15:49 CMSSW.sh
drwxr-xr-x 15 cms050 cms   4096 May 21 16:21 CMSSW_6_2_5
-rw-------  1 cms050 cms    404 May 21 15:49 CacheEnv.sh
-rw-------  1 cms050 cms   7291 Apr  4 11:04 DashboardAPI.py
-rw-------  1 cms050 cms   6845 May 21 15:49 DashboardAPI.pyc
drwx------  2 cms050 cms   4096 May 21 16:21 IMProv
-rw-------  1 cms050 cms   2748 Apr  4 11:04 Logger.py
-rw-------  1 cms050 cms   3357 May 21 15:49 Logger.pyc
-rw-------  1 cms050 cms  24524 Apr  4 11:04 ProcInfo.py
-rw-------  1 cms050 cms  23245 May 21 15:49 ProcInfo.pyc
drwx------  7 cms050 cms   4096 May 21 15:49 ProdCommon
drwx------  3 cms050 cms   4096 May 21 15:49 WMCore
-rw-------  1 cms050 cms   2591 May 21 16:21 Watchdog_10.log
-rwx------  1 cms050 cms      0 May 21 15:49 _condor_stderr
-rwx---r--  1 cms050 cms  25336 May 21 16:22 _condor_stdout
-rw-------  1 cms050 cms  32895 Apr  4 11:04 apmon.py
-rw-------  1 cms050 cms  28683 May 21 15:49 apmon.pyc
-rwx------  1 cms050 cms  23907 May 21 15:49 arguments.xml
-rwx------  1 cms050 cms  38515 Apr  4 11:04 cmscp.py
-rw-------  1 cms050 cms    553 May 21 16:22 cmscpReport.sh
-rwx------  1 cms050 cms  28609 May 21 15:49 condor_exec.exe
-rw-------  1 cms050 cms    589 May 21 12:23 crab.cfg
-rwx------  1 cms050 cms   8610 Apr  4 11:04 crabWatchdog.sh
-rwx---r--  1 cms050 cms  44107 May 21 16:21 crab_fjr_10.xml
-rwx------  1 cms050 cms 376054 May 21 15:49 default.tgz
lrwxrwxrwx  1 cms050 cms    124 May 21 16:21 dijetTree_signal.root -> /home/pilcms16/home_cream_049228346/CREAM049228346/glide_IBkPDS/execute/dir_31834/CMSSW_6_2_5/dijetTree_signal_10_2_IjA.root
-rwx------  1 cms050 cms   4488 Apr  4 11:04 fillCrabFjr.py
-rw-------  1 cms050 cms    326 May 21 15:49 inputsReport.txt
-rw-------  1 cms050 cms    245 May 21 16:22 jobreport.txt
-rw-------  1 cms050 cms  17352 Apr  4 11:04 parseCrabFjr.py
-rw-------  1 cms050 cms    326 May 21 15:49 report.log
-rwx--x--x  1 cms050 cms   1497 Apr  4 11:04 report.py
-rw-------  1 cms050 cms    457 May 21 16:22 resultCopyFile
-rwx------  1 cms050 cms   8387 Apr  4 11:04 writeCfg.py
-rw-------  1 cms050 cms   7936 May 21 15:49 x509up_u10095
>>> Modify Job Report:
CMSSW_VERSION = CMSSW_6_2_5
/home/pilcms16/home_cream_049228346/CREAM049228346/glide_IBkPDS/execute/dir_31834/ProdCommon/FwkJobRep/ModifyJobReport.py fjr /home/pilcms16/home_cream_049228346/CREAM049228346/glide_IBkPDS/execute/dir_31834/crab_fjr_10.xml json /home/pilcms16/home_cream_049228346/CREAM049228346/glide_IBkPDS/execute/dir_31834/resultCopyFile n_job 10_2_IjA PrimaryDataset RSGravToJJ_kMpl01_M-1000_Tune4C_13TeV-pythia8  ApplicationFamily cmsRun ApplicationName cmsRun cmssw_version CMSSW_6_2_5 psethash 5df971e1bf6ad4673ba110356ee74086
inputDict =  {u'/home/pilcms16/home_cream_049228346/CREAM049228346/glide_IBkPDS/execute/dir_31834/CMSSW_6_2_5/dijetTree_signal_10_2_IjA.root': {u'endpoint': u'srm://cmsrm-se01.roma1.infn.it:8443/srm/managerv2?SFN=/pnfs/roma1.infn.it/data/cms/store/user/gdimperi/store/user/gdimperi/test/', u'surl_for_grid': u'', u'reason': u'Copy succedeed with srm-lcg utils', u'erCode': u'0', u'se_name': u'cmsrm-se01.roma1.infn.it', u'for_lfn': u'/store/user/gdimperi/store/user/gdimperi/test/'}}
UserProcessedDataset =  
    file =  dijetTree_signal_10_2_IjA.root
    newPfn =  srm://cmsrm-se01.roma1.infn.it:8443/srm/managerv2?SFN=/pnfs/roma1.infn.it/data/cms/store/user/gdimperi/store/user/gdimperi/test/dijetTree_signal_10_2_IjA.root
    newLfn =  /store/user/gdimperi/store/user/gdimperi/test/dijetTree_signal_10_2_IjA.root
>>> crab_fjr_*.xml  permission set to 0704
CrabWrapper EXIT_FUNC entered at Wed May 21 16:22:04 CEST 2014   -  Wed May 21 14:22:04 UTC 2014
Checking output files:  
will tar file crab_fjr_10.xml in  out_files_10
WARNING: output file CMSSW_10.stdout not found!
WARNING: output file CMSSW_10.stderr not found!
WARNING: output file Watchdog_10.log.gz not found!
>>> padding time: Wrapper lasting more than 600 seconds. No sleep required.
STOPPING WATCHDOG. CrabWatchdog PID is 32055
********** LAST 50 LINES OF WATCHDOG LOG
# RESOURCE USAGE SUMMARY FOR PROCESS ID 31854
USER       PID %CPU %MEM    VSZ   RSS TTY      STAT START   TIME COMMAND
cms050   31854  0.2  0.0   9500  1576 ?        S    15:49   0:00 /bin/sh /home/pilcms16/home_cream_049228346/CREAM049228346/glide_IBkPDS/execute/dir_31834/condor_exec.exe 10 2
 
# LIMITS USED BY CRAB WATCHDOG:
# RSS  (KBytes)   : 2300000
# VSZ  (KBytes)   : 100000000
# DISK (MBytes)   : 19000
# CPU TIME        : 720h:0m:0s
# WALL CLOCK TIME : 21h:50m:0s
 
# FOLLOWING PRINTOUT TRACKS MAXIMUM VALUES OF RESOURCES USE
# ONE LINE IS PRINTED EACH TIME A MAXIMUM CHANGES
# IF CHANGE WAS IN RSS OR VSZ ALSO PROCID AND COMMAND ARE PRINTED
# THERE IS NO PRINTOUT FOR CPU/WALL TIME INCREASE
 
# TIME			PID	RSS(KB)	VSZ(KB)	Dsk(MB)	tCPU(s)	tWALL(s)	COMMAND
 May 21 15:49:46 CEST	31854	1576	9500	0	0	0	/bin/sh /home/pilcms16/home_cream_049228346/CREAM049228346/glide_IBkPDS/execute/dir_31834/condor_exec.exe 10 2       
 May 21 15:49:46 CEST	32065	1576	14980	0	0	0	edmConfigHash pset.py         
 May 21 15:49:46 CEST	---	1576	14980	5	----	----	----
 May 21 15:50:46 CEST	32188	498744	705636	5	45	61	cmsRun -j /home/pilcms16/home_cream_049228346/CREAM049228346/glide_IBkPDS/execute/dir_31834/crab_fjr_10.xml -p pset.py      
 May 21 15:51:47 CEST	32188	502856	711780	5	104	121	cmsRun -j /home/pilcms16/home_cream_049228346/CREAM049228346/glide_IBkPDS/execute/dir_31834/crab_fjr_10.xml -p pset.py      
 May 21 15:54:47 CEST	32188	502920	711780	5	283	301	cmsRun -j /home/pilcms16/home_cream_049228346/CREAM049228346/glide_IBkPDS/execute/dir_31834/crab_fjr_10.xml -p pset.py      
 May 21 15:55:47 CEST	32188	504640	711780	5	343	362	cmsRun -j /home/pilcms16/home_cream_049228346/CREAM049228346/glide_IBkPDS/execute/dir_31834/crab_fjr_10.xml -p pset.py      
 May 21 15:59:48 CEST	32188	505532	711780	5	580	602	cmsRun -j /home/pilcms16/home_cream_049228346/CREAM049228346/glide_IBkPDS/execute/dir_31834/crab_fjr_10.xml -p pset.py      
 May 21 16:03:49 CEST	---	505532	711780	6	----	----	----
 May 21 16:04:49 CEST	32188	506000	712036	6	878	903	cmsRun -j /home/pilcms16/home_cream_049228346/CREAM049228346/glide_IBkPDS/execute/dir_31834/crab_fjr_10.xml -p pset.py      
 May 21 16:08:50 CEST	32188	507220	712036	6	1116	1144	cmsRun -j /home/pilcms16/home_cream_049228346/CREAM049228346/glide_IBkPDS/execute/dir_31834/crab_fjr_10.xml -p pset.py      
 May 21 16:13:51 CEST	32188	507548	712548	6	1413	1445	cmsRun -j /home/pilcms16/home_cream_049228346/CREAM049228346/glide_IBkPDS/execute/dir_31834/crab_fjr_10.xml -p pset.py      
 May 21 16:21:52 CEST	---	507548	712548	7	----	----	----
********** WATCHDOG LOG ENDED
ZIPPING WATCHDOG LOG
Disk space used:
du -sh /home/pilcms16/home_cream_049228346/CREAM049228346/glide_IBkPDS/execute/dir_31834
6.3M	/home/pilcms16/home_cream_049228346/CREAM049228346/glide_IBkPDS/execute/dir_31834
Found unusual stdout, rename for OSB
`/home/pilcms16/home_cream_049228346/CREAM049228346/glide_IBkPDS/execute/dir_31834/_condor_stdout' -> `CMSSW_10.stdout'
Found unusual stderr, rename for OSB
`/home/pilcms16/home_cream_049228346/CREAM049228346/glide_IBkPDS/execute/dir_31834/_condor_stdout' -> `CMSSW_10.stderr'
crab_fjr_10.xml
CMSSW_10.stdout
CMSSW_10.stderr
Watchdog_10.log.gz
Total Output dimension: 19706
WARNING: output files size limit is set to: 50000000
Total Output dimension 19706 is fine.
JOB_EXIT_STATUS = 0
>>> info for dashboard:
***** Cat /home/pilcms16/home_cream_049228346/CREAM049228346/glide_IBkPDS/execute/dir_31834/jobreport.txt *****
MonitorJobID=10_https://submit-4.t2.ucsd.edu//140521//203796.9
MonitorID=gdimperi_test_rs7k39
ExeTime=1882
ExeExitCode=0
StageOutExitStatusReason = 'Copy succedeed with srm-lcg utils'
StageOutSE = cmsrm-se01.roma1.infn.it
StageOutExitStatus = 0
CrabUserCpuTime=1797.12
CrabSysCpuTime=51.34
CrabCpuPercentage=98%
CrabWrapperTime=1945
CrabStageoutTime=49
JobExitCode=0
***** End Cat jobreport *****
Parameters sent to Dashboard.
EXITING at Wed May 21 16:22:06 CEST 2014  -  Wed May 21 14:22:06 UTC 2014
